acl:2.2.51-14.el7
acpid:2.0.19-9.el7
alsa-lib:1.1.6-2.el7
ansible:2.7.5-1.el7.ans
apr:1.4.8-3.el7
apr-util:1.5.2-6.el7
attr:2.4.46-13.el7
audit:2.8.4-4.el7
audit-config:1.0-0.tis
audit-libs:2.8.4-4.el7
audit-libs-python:2.8.4-4.el7
augeas-libs:1.4.0-6.el7
authconfig:6.2.8-30.el7
autogen-libopts:5.18-5.el7
avahi-libs:0.6.31-19.el7
basesystem:10.0-7.el7.centos
bash:4.2.46-31.el7.tis
bash-completion:2.1-6.el7
bc:1.06.95-13.el7
bind-libs:9.9.4-72.el7
bind-libs-lite:9.9.4-72.el7
bind-license:9.9.4-72.el7
bind-utils:9.9.4-72.el7
binutils:2.27-34.base.el7
biosdevname:0.7.3-1.el7
boost-system:1.53.0-27.el7
boost-thread:1.53.0-27.el7
bootswatch-common:3.3.7.0-1.el7
bootswatch-fonts:3.3.7.0-1.el7
bridge-utils:1.5-9.el7
btrfs-progs:4.9.1-1.el7
build-info:1.0-4.tis
bzip2-1.0.6-13.el7.x86_64.rpm
bzip2-libs:1.0.6-13.el7
ca-certificates:2018.2.22-70.0.el7
c-ares:1.10.0-3.el7
celt051-0.5.1.3-8.el7.x86_64.rpm
centos-logos:70.0.6-3.el7.centos
centos-release:7-6.1810.2.el7.centos
centos-release-config:1.0-1.tis
ceph:13.2.2-0.el7.tis
ceph-base:13.2.2-0.el7.tis
ceph-common:13.2.2-0.el7.tis
ceph-fuse:13.2.2-0.el7.tis
ceph-manager:1.0-5.tis
ceph-mds:13.2.2-0.el7.tis
ceph-mgr:13.2.2-0.el7.tis
ceph-mon:13.2.2-0.el7.tis
ceph-osd:13.2.2-0.el7.tis
ceph-radosgw:13.2.2-0.el7.tis
cgcs-patch:1.0-27.tis
cgcs-patch-agent:1.0-27.tis
cgcs-patch-controller:1.0-27.tis
cgcs-users:1.0-0.tis
cgts-client:1.0-67.tis
checkpolicy:2.5-8.el7
chkconfig:1.7.4-1.el7
cifs-utils:6.2-10.el7
cloud-provider-openstack:1.13.1-1.tis
collectd:5.8.0-4.el7
collectd-extensions:1.0-0.tis
collector:1.0-27.tis
config-gate:1.0-0.tis
config-gate-worker:1.0-0.tis
conntrack-tools:1.4.4-4.el7
containerd.io:1.2.5-3.1.el7
containernetworking-cni:0.5.1-1.el7
container-selinux:2.74-1.el7
controllerconfig:1.0-151.tis
coreutils:8.22-23.el7
cpio:2.11-27.el7
cracklib:2.9.0-11.el7
cracklib-dicts:2.9.0-11.el7
createrepo:0.9.9-28.el7
cronie:1.4.11-20.el7
cronie-anacron:1.4.11-20.el7
crontabs:1.11-6.20121102git.el7
cryptsetup:2.0.3-3.el7
cryptsetup-libs:2.0.3-3.el7
cups-libs:1.6.3-35.el7
curl:7.29.0-51.el7
cyrus-sasl:2.1.26-23.el7
cyrus-sasl-gssapi:2.1.26-23.el7
cyrus-sasl-lib:2.1.26-23.el7
dbus:1.10.24-12.el7
dbus-glib:0.100-7.el7
dbus-libs:1.10.24-12.el7
dbus-python:1.1.1-9.el7
deltarpm:3.6-3.el7
device-mapper:1.02.146-4.el7
device-mapper-event:1.02.146-4.el7
device-mapper-event-libs:1.02.146-4.el7
device-mapper-libs:1.02.146-4.el7
device-mapper-multipath:0.4.9-119.el7
device-mapper-multipath-libs:0.4.9-119.el7
device-mapper-persistent-data:0.7.3-3.el7
dhclient:4.2.5-68.el7.centos.1.tis
dhcp:4.2.5-68.el7.centos.1.tis
dhcp-common:4.2.5-68.el7.centos.1.tis
dhcp-config:1.0-2.tis
dhcp-libs:4.2.5-68.el7.centos.1.tis
diffutils:3.3-4.el7
distributedcloud-client-dcmanagerclient:1.0.0-1.tis
distributedcloud-dcdbsync:1.0.0-1.tis
distributedcloud-dcmanager:1.0.0-1.tis
distributedcloud-dcorch:1.0.0-1.tis
dmidecode:3.1-2.el7
dnsmasq:2.76-7.el7.tis.7
dnsmasq-config:1.0-1.tis
dnsmasq-utils:2.76-7.el7.tis.7
docker-ce:18.09.6-3.el7
docker-ce-cli:18.09.6-3.el7
docker-config:1.0-2.tis
docker-distribution:2.6.2-1.tis
docker-forward-journald:1.10.3-44.el7.centos
dosfstools:3.0.20-10.el7
dpkg:1.18.24-0.tis
dracut:033-554.el7
dracut-config-rescue:033-554.el7
dracut-network:033-554.el7
drbd:8.4.3-0.tis.7
drbd-bash-completion:8.4.3-0.tis.7
drbd-heartbeat:8.4.3-0.tis.7
drbd-pacemaker:8.4.3-0.tis.7
drbd-udev:8.4.3-0.tis.7
drbd-utils:8.4.3-0.tis.7
e2fsprogs:1.42.9-13.el7
e2fsprogs-libs:1.42.9-13.el7
ebtables:2.0.10-16.el7
efibootmgr:17-2.el7
efivar-libs:36-11.el7
elfutils-default-yama-scope:0.172-2.el7
elfutils-libelf:0.172-2.el7
elfutils-libs:0.172-2.el7
enable-dev-patch:1.0-1.tis
erlang-asn1-18.3.4.4-2.el7.x86_64.rpm
erlang-compiler:18.3.4.4-2.el7
erlang-crypto:18.3.4.4-2.el7
erlang-eldap:18.3.4.4-2.el7
erlang-erts:18.3.4.4-2.el7
erlang-hipe:18.3.4.4-2.el7
erlang-inets:18.3.4.4-2.el7
erlang-kernel:18.3.4.4-2.el7
erlang-mnesia:18.3.4.4-2.el7
erlang-os_mon:18.3.4.4-2.el7
erlang-otp_mibs:18.3.4.4-2.el7
erlang-public_key:18.3.4.4-2.el7
erlang-runtime_tools:18.3.4.4-2.el7
erlang-sasl:18.3.4.4-2.el7
erlang-sd_notify:0.1-9.el7
erlang-snmp:18.3.4.4-2.el7
erlang-ssl:18.3.4.4-2.el7
erlang-stdlib:18.3.4.4-2.el7
erlang-syntax_tools:18.3.4.4-2.el7
erlang-tools:18.3.4.4-2.el7
erlang-xmerl:18.3.4.4-2.el7
etcd:3.2.24-1.tis
ethtool:4.8-9.el7
eventlog:0.2.13-4.el7
expat:2.1.0-10.el7
expect:5.45-14.el7
facter:2.4.4-4.el7.tis
file:5.11-35.el7
file-libs:5.11-35.el7
filesystem:3.2-25.el7
filesystem-scripts:1.0-2.tis
findutils:4.5.11-6.el7
fipscheck:1.4.1-6.el7
fipscheck-lib:1.4.1-6.el7
firewalld:0.5.3-5.el7
firewalld-filesystem:0.5.3-5.el7
flac-libs:1.3.0-5.el7
fm-api:1.0-14.tis
fm-common:1.0-9.tis
fm-doc:1.0-16.tis
fm-mgr:1.0-6.tis
fm-rest-api:1.0-3.tis
fontawesome-fonts:4.4.0-1.el7
fontawesome-fonts-web:4.4.0-1.el7
fontpackages-filesystem:1.44-8.el7
freetype:2.8-12.el7
fuse:2.9.2-11.el7
fuse-libs:2.9.2-11.el7
gamin:0.1.10-16.el7
gawk:4.0.2-4.el7
gdb:7.6.1-114.el7
gdbm:1.10-8.el7
gdisk:0.8.10-2.el7
GeoIP:1.5.0-13.el7
gettext:0.19.8.1-2.el7
gettext-libs:0.19.8.1-2.el7
glib2-2.56.1-2.el7.x86_64.rpm
glibc:2.17-260.el7
glibc-common:2.17-260.el7
glib-networking:2.56.1-1.el7
glusterfs:5.2-1.el7
glusterfs-api:5.2-1.el7
glusterfs-cli:5.2-1.el7
glusterfs-client-xlators:5.2-1.el7
glusterfs-libs:5.2-1.el7
gmp:6.0.0-15.el7
gnupg2-2.0.22-5.el7_5.x86_64.rpm
gnutls:3.3.29-8.el7
gnutls-dane:3.3.29-8.el7
gnutls-utils:3.3.29-8.el7
gobject-introspection:1.56.1-1.el7
gperftools-libs:2.6.1-1.el7
gpgme:1.3.2-5.el7
gpm-libs:1.20.7-5.el7
grep:2.20-3.el7
groff-base:1.22.2-8.el7
grub2-2.02-0.76.el7.centos.tis.12.x86_64.rpm
grub2-common:2.02-0.76.el7.centos.tis
grub2-efi-x64-2.02-0.76.el7.centos.tis.12.x86_64.rpm
grub2-efi-x64-modules:2.02-0.76.el7.centos.tis
grub2-efi-x64-pxeboot:2.02-0.76.el7.centos.tis
grub2-pc:2.02-0.76.el7.centos.tis
grub2-pc-modules:2.02-0.76.el7.centos.tis
grub2-tools:2.02-0.76.el7.centos.tis
grub2-tools-extra:2.02-0.76.el7.centos.tis
grub2-tools-minimal:2.02-0.76.el7.centos.tis
grubby:8.28-25.el7.tis
gsettings-desktop-schemas:3.28.0-2.el7
gsm:1.0.13-11.el7
gssproxy:0.7.0-21.el7
gzip:1.5-10.el7
haproxy:1.5.18-8.el7.tis
haproxy-config:1.0-1.tis
hardlink:1.0-19.el7
helm:2.13.1-0.tis
hiera:1.3.4-5.el7
hostname:3.13-3.el7
httpd:2.4.6-88.el7.centos
httpd-tools:2.4.6-88.el7.centos
hwdata:0.252-9.1.el7
ima-evm-utils:1.1-2.el7
influxdb-0.9.5.1-1.x86_64.rpm
influxdb-extensions:1.0-0.tis
info:5.1-5.el7
initscripts:9.49.46-1.el7.tis
initscripts-config:1.0-0.tis
inventory:1.0-2.tis
io-scheduler:1.0-0.tis
iotop:0.6-4.el7
iperf3-3.1.7-2.el7.x86_64.rpm
ipmitool:1.8.18-7.el7
iproute:4.11.0-14.el7
iprutils:2.4.16.1-1.el7
ipset:6.38-3.el7
ipset-libs:6.38-3.el7
iptables:1.4.21-28.el7
iptables-config:1.0-0.tis
iptables-services:1.4.21-28.el7
iptables-utils:1.4.21-28.el7
iputils:20160308-10.el7
ipxe-roms-qemu:20170123-1.git4e85b27.el7
iscsi-initiator-utils:6.2.0.874-10.el7
iscsi-initiator-utils-config:1.0-0.tis
iscsi-initiator-utils-iscsiuio:6.2.0.874-10.el7
isomd5sum:1.0.10-5.el7
ivykis:0.36.3-1.el7
jansson:2.10-1.el7
json-c:0.11-4.el7
kbd:1.15.5-15.el7
kbd-legacy:1.15.5-15.el7
kbd-misc:1.15.5-15.el7
kernel:3.10.0-957.12.2.el7.1.tis
kernel-rt:3.10.0-957.12.2.rt56.929.el7.tis
kernel-rt-kvm:3.10.0-957.12.2.rt56.929.el7.tis
kernel-rt-tools:3.10.0-957.12.2.rt56.929.el7.tis
kernel-rt-tools-libs:3.10.0-957.12.2.rt56.929.el7.tis
kernel-tools:3.10.0-957.12.2.el7.1.tis
kernel-tools-libs:3.10.0-957.12.2.el7.1.tis
kexec-tools:2.0.15-21.el7
keyutils:1.5.8-3.el7
keyutils-libs:1.5.8-3.el7
kmod:20-23.el7
kmod-drbd:8.4.11-1.tis
kmod-drbd-rt:8.4.11-1.tis
kmod-e1000e:3.4.2.1-0.tis
kmod-e1000e-rt:3.4.2.1-0.tis
kmod-i40e:2.7.29-0.tis
kmod-i40e-rt:2.7.29-0.tis
kmod-i40evf:3.6.15-0.tis
kmod-i40evf-rt:3.6.15-0.tis
kmod-integrity:4.12-0.tis.7
kmod-integrity-rt:4.12-0.tis.7
kmod-ixgbe:5.5.5-0.tis
kmod-ixgbe-rt:5.5.5-0.tis
kmod-ixgbevf:4.5.3-0.tis
kmod-ixgbevf-rt:4.5.3-0.tis
kmod-libs:20-23.el7
kmod-tpm:4.12-0.tis
kmod-tpm-rt:4.12-0.tis
kpartx:0.4.9-119.el7
krb5-libs:1.15.1-34.el7
kubernetes:1.13.5-1.tis
kubernetes-client:1.13.5-1.tis
kubernetes-kubeadm:1.13.5-1.tis
kubernetes-master:1.13.5-1.tis
kubernetes-node:1.13.5-1.tis
ldapscripts:2.0.8-0.tis
less:458-9.el7
leveldb:1.12.0-11.el7
libacl:2.2.51-14.el7
libaio:0.3.109-13.el7
libassuan:2.1.0-3.el7
libasyncns:0.8-7.el7
libattr:2.4.46-13.el7
libbasicobjects:0.1.1-32.el7
libblkid:2.23.2-59.el7
libcacard:2.5.2-2.1.el7
libcap:2.22-9.el7
libcap-ng:0.7.5-4.el7
libcephfs2-13.2.2-0.el7.tis.25.x86_64.rpm
libcgroup:0.41-20.el7
libcollection:0.7.0-32.el7
libcom_err:1.42.9-13.el7
libconfig:1.4.9-5.el7
libcroco:0.6.12-4.el7
libcurl:7.29.0-51.el7
libdaemon:0.14-7.el7
libdb:5.3.21-24.el7
libdbi:0.8.4-6.el7
libdb-utils:5.3.21-24.el7
libdrm:2.4.91-3.el7
libedit:3.0-12.20121213cvs.el7
libestr:0.1.9-2.el7
libev:4.15-7.el7
libevent:2.0.21-4.el7.tis
libfdt-devel:1.4.4-0.tis
libffi:3.0.13-18.el7
libgcc:4.8.5-36.el7
libgcrypt:1.5.3-14.el7
libgomp:4.8.5-36.el7
libgpg-error:1.12-3.el7
libgudev1-219-62.el7_6.5.tis.11.x86_64.rpm
libibumad:45mlnx1-1.45101.tis
libibverbs:45mlnx1-1.45101.tis
libICE:1.0.9-9.el7
libidn:1.28-4.el7
libini_config:1.3.1-32.el7
libjpeg-turbo:1.2.90-6.el7
libldb:1.3.4-1.el7
libmnl:1.0.3-7.el7
libmodman:2.0.1-8.el7
libmount:2.23.2-59.el7
libndp:1.2-7.el7
libnet:1.1.6-7.el7
libnetfilter_conntrack:1.0.6-1.el7
libnetfilter_cthelper:1.0.0-9.el7
libnetfilter_cttimeout:1.0.0-6.el7
libnetfilter_queue:1.0.2-2.el7
libnfnetlink:1.0.1-4.el7
libnfsidmap:0.25-19.el7
libnl:1.1.4-3.el7
libnl3-3.2.28-4.el7.x86_64.rpm
libnl3-cli:3.2.28-4.el7
liboath:2.4.1-9.el7
libogg:1.3.0-7.el7
libpath_utils:0.2.1-32.el7
libpcap:1.5.3-11.el7
libpciaccess:0.14-1.el7
libpipeline:1.2.3-3.el7
libpng:1.5.13-7.el7
libproxy:0.4.11-11.el7
libpwquality:1.2.3-5.el7
librados2-13.2.2-0.el7.tis.25.x86_64.rpm
libradosstriper1-13.2.2-0.el7.tis.25.x86_64.rpm
librbd1-13.2.2-0.el7.tis.25.x86_64.rpm
librdmacm:45mlnx1-1.45101.tis
libref_array:0.1.5-32.el7
libreport-filesystem:2.1.11-42.el7.centos
librgw2-13.2.2-0.el7.tis.25.x86_64.rpm
libseccomp:2.3.1-3.el7
libselinux:2.5-14.1.el7
libselinux-python:2.5-14.1.el7
libselinux-ruby:2.5-14.1.el7
libselinux-utils:2.5-14.1.el7
libsemanage:2.5-14.el7
libsemanage-python:2.5-14.el7
libsepol:2.5-10.el7
libSM:1.2.2-2.el7
libsmartcols:2.23.2-59.el7
libsndfile:1.0.25-10.el7
libss:1.42.9-13.el7
libssh2-1.4.3-12.el7.x86_64.rpm
libstdc++-4.8.5-36.el7.x86_64.rpm
libsysfs:2.1.0-16.el7
libtalloc:2.1.13-1.el7
libtasn1-4.10-1.el7.x86_64.rpm
libtdb:1.3.15-1.el7
libteam:1.27-5.el7
libtevent:0.9.36-1.el7
libtirpc:0.2.4-0.15.el7
libtomcrypt:1.17-33.20170623gitcd6e602.el7
libtommath:1.0-8.el7
libtool-ltdl:2.4.2-22.el7
libtpms:0.6.0-2.tis
libunistring:0.9.3-9.el7
libusbx:1.0.21-1.el7
libuser:0.60-9.el7
libutempter:1.1.6-4.el7
libuuid:2.23.2-59.el7
libverto:0.2.5-4.el7
libverto-libevent:0.2.5-4.el7
libverto-tevent:0.2.5-4.el7
libvirt:4.7.0-1.tis
libvirt-bash-completion:4.7.0-1.tis
libvirt-client:4.7.0-1.tis
libvirt-daemon:4.7.0-1.tis
libvirt-daemon-config-network:4.7.0-1.tis
libvirt-daemon-config-nwfilter:4.7.0-1.tis
libvirt-daemon-driver-interface:4.7.0-1.tis
libvirt-daemon-driver-lxc:4.7.0-1.tis
libvirt-daemon-driver-network:4.7.0-1.tis
libvirt-daemon-driver-nodedev:4.7.0-1.tis
libvirt-daemon-driver-nwfilter:4.7.0-1.tis
libvirt-daemon-driver-qemu:4.7.0-1.tis
libvirt-daemon-driver-secret:4.7.0-1.tis
libvirt-daemon-driver-storage:4.7.0-1.tis
libvirt-daemon-driver-storage-core:4.7.0-1.tis
libvirt-daemon-driver-storage-disk:4.7.0-1.tis
libvirt-daemon-driver-storage-gluster:4.7.0-1.tis
libvirt-daemon-driver-storage-iscsi:4.7.0-1.tis
libvirt-daemon-driver-storage-logical:4.7.0-1.tis
libvirt-daemon-driver-storage-mpath:4.7.0-1.tis
libvirt-daemon-driver-storage-rbd:4.7.0-1.tis
libvirt-daemon-driver-storage-scsi:4.7.0-1.tis
libvirt-docs:4.7.0-1.tis
libvirt-libs:4.7.0-1.tis
libvorbis:1.3.3-8.el7
libwbclient:4.8.3-4.el7
libX11-1.6.5-2.el7.x86_64.rpm
libX11-common:1.6.5-2.el7
libXau:1.0.8-2.1.el7
libxcb:1.13-1.el7
libXext:1.3.3-3.el7
libXi:1.7.9-1.el7
libxml2-2.9.1-6.el7_2.3.x86_64.rpm
libxml2-python:2.9.1-6.el7
libxslt:1.1.28-5.el7
libXtst:1.2.3-1.el7
libyaml:0.1.4-11.el7
lighttpd:1.4.52-1.el7.tis.7
lighttpd-config:1.0-1.tis
lighttpd-fastcgi:1.4.52-1.el7.tis.7
lighttpd-mod_geoip:1.4.52-1.el7.tis.7
lighttpd-mod_mysql_vhost:1.4.52-1.el7.tis.7
linux-firmware:20180911-69.git85c5d90.el7
linuxptp:1.8-6.el7
lksctp-tools:1.0.17-2.el7
lldpad:1.0.1-3.git036e314.el7
lldpd:0.9.0-0.tis
lm_sensors-libs:3.4.0-6.20160601gitf9185e5.el7
logmgmt:1.0-4.tis
logrotate:3.8.6-17.el7.tis
logrotate-config:1.0-0.tis
lsof:4.87-6.el7
lsscsi:0.27-6.el7
lua:5.1.4-15.el7
lvm2-2.02.177-4.el7.x86_64.rpm
lvm2-libs:2.02.177-4.el7
lz4-1.7.5-2.el7.x86_64.rpm
lzo:2.06-8.el7
lzop:1.03-10.el7
mailcap:2.1.41-2.el7
mailx:12.5-19.el7
make:3.82-23.el7
man-db:2.6.3-11.el7
mariadb-common:10.1.28-1.el7.tis
mariadb-config:10.1.28-1.el7.tis
mariadb-libs:10.1.28-1.el7.tis
mcstrans:0.3.4-5.el7
mdadm:4.1-rc1_2.el7
mdi-common:1.4.57.0-4.el7
mdi-fonts:1.4.57.0-4.el7
memcached:1.4.39-1.el7
memcached-custom:1.0-1.tis
microcode_ctl:2.1-47.2.el7
mlnx-ofa_kernel-modules:4.5-OFED.4.5.1.0.1.1.gb4fdfac.tis
mlnx-ofa_kernel-rt-modules:4.5-OFED.4.5.1.0.1.1.gb4fdfac.tis
mlx4-config:1.0.0-2.tis
mod_wsgi:3.4-18.el7
mokutil:15-1.tis
monitor-tools:1.0-0.tis
mozjs17-17.0.0-20.el7.x86_64.rpm
mtce:1.0-152.tis
mtce-compute:1.0-7.tis
mtce-control:1.0-7.tis
mtce-guestAgent:1.0-142.tis
mtce-guestServer:1.0-142.tis
mtce-hostw:1.0-152.tis
mtce-hwmon:1.0-152.tis
mtce-lmon:1.0-152.tis
mtce-pmon:1.0-152.tis
mtce-storage:1.0-5.tis
mtools:4.0.18-5.el7
MySQL-python:1.2.5-1.el7
namespace-utils:1.0-0.tis
ncurses:5.9-14.20130511.el7
ncurses-base:5.9-14.20130511.el7
ncurses-libs:5.9-14.20130511.el7
netcf-libs:0.2.8-4.el7
net-snmp:5.7.2-37.el7.tis
net-snmp-agent-libs:5.7.2-37.el7.tis
net-snmp-config:1.0-0.tis
net-snmp-libs:5.7.2-37.el7.tis
net-snmp-python:5.7.2-37.el7.tis
net-snmp-utils:5.7.2-37.el7.tis
nettle:2.7.1-8.el7
net-tools:2.0-0.24.20131004git.el7.tis
newt:0.52.15-4.el7
newt-python:0.52.15-4.el7
nfscheck:1.0-0.tis
nfs-utils:1.3.0-0.61.el7
nfs-utils-config:1.0-1.tis
nfv:1.0-75.tis
nfv-client:1.0-75.tis
nfv-common:1.0-75.tis
nfv-plugins:1.0-75.tis
nfv-tools:1.0-75.tis
nfv-vim:1.0-75.tis
nmap-ncat:6.40-16.el7
novnc:0.6.2-1.el7
nscd:2.17-260.el7
nspr:4.19.0-1.el7
nss:3.36.0-7.el7
nss-pam-ldapd:0.8.13-16.el7
nss-pem:1.0.3-5.el7
nss-softokn:3.36.0-5.el7
nss-softokn-freebl:3.36.0-5.el7
nss-sysinit:3.36.0-7.el7
nss-tools:3.36.0-7.el7
nss-util:3.36.0-1.el7
ntfs-3g:2017.3.23-6.el7
ntfsprogs:2017.3.23-6.el7
ntp:4.2.6p5-28.el7.centos
ntp-config:1.0-0.tis
ntpdate:4.2.6p5-28.el7.centos
ntp-perl:4.2.6p5-28.el7.centos
numactl-libs:2.0.9-7.el7
OpenIPMI-modalias:2.0.23-2.el7
openldap:2.4.44-20.el7.tis
openldap-clients:2.4.44-20.el7.tis
openldap-config:1.0-0.tis
openldap-servers:2.4.44-20.el7.tis
openpgm:5.2.122-2.el7
openscap:1.2.17-2.el7
openscap-scanner:1.2.17-2.el7
openssh:7.4p1-16.el7_4.tis
openssh-clients:7.4p1-16.el7_4.tis
openssh-config:1.0-0.tis
openssh-server:7.4p1-16.el7_4.tis
openssl-1.0.2k:16.el7
openssl-libs-1.0.2k:16.el7
openstack-barbican:8.0.0-0.1.0rc1.el7
openstack-barbican-api:8.0.0-0.1.0rc1.el7
openstack-barbican-common:8.0.0-0.1.0rc1.el7
openstack-barbican-keystone-listener:8.0.0-0.1.0rc1.el7
openstack-barbican-worker:8.0.0-0.1.0rc1.el7
openstack-dashboard:14.0.0-2.tis
openstack-dashboard-theme:14.0.0-2.tis
openstack-keystone:15.0.0-0.2.el7.tis
openstack-ras:1.0.0-0.tis
openvswitch:2.11.0-0.tis
openvswitch-config:1.0-1.tis
opus:1.0.2-6.el7
os-prober:1.58-9.el7
OVMF:20150414-2.gitc9e5618.el7
p11-kit:0.23.5-3.el7
p11-kit-trust:0.23.5-3.el7
pam:1.1.8-22.el7
pam-config:1.0-1.tis
parted:3.1-29.el7.tis
passwd:0.79-4.el7
patch-alarm:1.0-2.tis
pci-irq-affinity-agent:1.0-1.tis
pciutils:3.5.1-3.el7
pciutils-libs:3.5.1-3.el7
pcre:8.32-17.el7
perf:3.10.0-957.12.2.el7.1.tis
perl:5.16.3-294.el7
perl-Carp:1.26-244.el7
perl-constant:1.27-2.el7
perl-Data-Dumper:2.145-3.el7
perl-Encode:2.51-7.el7
perl-Exporter:5.68-3.el7
perl-File-Path:2.09-2.el7
perl-File-Temp:0.23.01-3.el7
perl-Filter:1.49-3.el7
perl-Getopt-Long:2.40-3.el7
perl-HTTP-Tiny:0.033-3.el7
perl-libs:5.16.3-294.el7
perl-macros:5.16.3-294.el7
perl-parent:0.225-244.el7
perl-PathTools:3.40-5.el7
perl-Pod-Escapes:1.04-294.el7
perl-podlators:2.5.1-3.el7
perl-Pod-Perldoc:3.20-4.el7
perl-Pod-Simple:3.28-4.el7
perl-Pod-Usage:1.63-3.el7
perl-Scalar-List-Utils:1.27-248.el7
perl-Socket:2.010-4.el7
perl-Storable:2.45-3.el7
perl-Text-ParseWords:3.29-4.el7
perl-threads:1.87-4.el7
perl-threads-shared:1.43-6.el7
perl-Time-HiRes:1.9725-3.el7
perl-Time-Local:1.2300-2.el7
pinentry:0.8.1-17.el7
pixman:0.34.0-1.el7
pkgconfig:0.27.1-4.el7
platform-kickstarts:1.0.0-3.tis
platform-util:1.0-17.tis
platform-util-noncontroller:1.0-17.tis
playbookconfig:1.0-2.tis
pm-qos-mgr:1.0-1.tis
pm-utils:1.4.1-27.el7
policycoreutils:2.5-29.el7
policycoreutils-newrole:2.5-29.el7
policycoreutils-python:2.5-29.el7
polkit:0.112-18.el7
polkit-pkla-compat:0.1-4.el7
popt:1.13-16.el7
postgresql:9.2.24-1.el7
postgresql-contrib:9.2.24-1.el7
postgresql-libs:9.2.24-1.el7
postgresql-server:9.2.24-1.el7
procps-ng:3.3.10-23.el7
psmisc:22.20-15.el7
pth:2.0.7-23.el7
pulseaudio-libs:10.0-5.el7
puppet:4.8.2-1.el7.tis
puppet-apache:1.10.0-2.05a0aacgit.el7
puppet-barbican:11.3.0-1.el7
puppet-boolean:1.0.2-1.tis
puppet-ceph:2.4.1-1.el7.tis
puppet-certmonger:1.1.1-1.1157a7egit.el7
puppet-collectd:5.1.0-2.4a3843cgit.el7
puppet-concat:2.2.0-2.fdf4a84git.el7
puppet-create_resources:0.0.1-0.tis
puppet-dcdbsync:1.0.0-1.tis
puppet-dcmanager:1.0.0-1.tis
puppet-dcorch:1.0.0-1.tis
puppet-dnsmasq:1.1.0-0.tis
puppet-drbd:0.3.1-rc0.tis
puppet-etcd:1.11.0-1.f43e129git.el7
puppet-filemapper:1.1.3-0.tis
puppet-firewall:1.8.2-2.2f892e9git.el7
puppet-fm:1.0.0-1.tis
puppet-haproxy:1.5.0-4.6ffcb07git.el7.tis
puppet-horizon:11.5.0-1.el7.tis
puppet-inifile:1.6.0-2.c1f1d1egit.el7
puppet-keystone:11.3.0-1.el7.tis
puppet-kmod:2.1.1-2.0d69a96git.el7
puppet-ldap:0.2.4-0.tis
puppet-lvm:0.5.0-0.tis
puppet-manifests:1.0.0-89.tis
puppet-memcached:3.0.2-1.adf8b63git.el7
puppet-mtce:1.0.0-9.tis
puppet-mysql:3.11.0-1.920dd76git.el7
puppet-network:1.0.2-0.tis.7
puppet-nfv:1.0.0-5.tis
puppet-nslcd:0.0.1-0.tis
puppet-nssdb:1.0.1-1.el7
puppet-openstacklib:11.5.0-1.el7.tis
puppet-oslo:11.3.0-1.el7.tis
puppet-patching:1.0.0-2.tis
puppet-postgresql:4.8.0-0.tis
puppet-puppi:2.2.3-0.tis
puppet-rabbitmq:5.6.0-4.5ac45degit.el7.tis
puppet-smapi:1.0.0-1.tis
puppet-sshd:1.0.0-1.tis
puppet-staging:1.0.4-1.b466d93git.el7.tis
puppet-stdlib:4.18.0-2.el7.tis
puppet-sysctl:0.0.11-1.el7
puppet-sysinv:1.0.0-5.tis
puppet-vlan:0.1.0-1.el7
puppet-vswitch:7.3.0-1.el7
pxe-network-installer:1.0-28.tis
pygpgme:0.3-9.el7
pyliblzma:0.5.3-11.el7
pyparsing:2.1.10-3.el7
pyparted:3.9-15.el7
python:2.7.5-76.el7.tis
python-3parclient:4.2.3-0.tis
python-alembic:0.9.7-1.el7
python-amqp:2.1.4-3.el7
python-aniso8601-0.82-3.el7.noarch.rpm
python-anyjson:0.3.3-3.el7
python-aodhclient:1.2.0-1.tis
python-appdirs:1.4.0-4.el7
python-asn1crypto:0.23.0-2.el7
python-babel:2.3.4-1.el7
python-backports:1.0-8.el7
python-backports-ssl_match_hostname:3.5.0.1-1.el7
python-barbican:8.0.0-0.1.0rc1.el7
python-barbicanclient:4.8.1-1.tis
python-bcrypt:3.1.4-4.el7
python-beaker:1.5.4-10.el7
python-beautifulsoup4-4.6.0-1.el7.noarch.rpm
python-bson:3.0.3-1.el7
python-cachetools:1.1.6-2.el7
python-castellan:0.19.0-1.el7
python-cephclient:13.2.2.0-0.tis
python-ceph-compat:13.2.2-0.el7.tis
python-cephfs:13.2.2-0.el7.tis
python-certifi:2018.10.15-1.el7
python-cffi:1.11.2-1.el7
python-chardet:3.0.4-7.el7
python-cherrypy:3.2.2-4.el7
python-cinderclient:4.1.0-1.tis
python-click:6.3-1.el7
python-cliff:2.13.0-1.el7
python-cliff:2.8.2-1.el7
python-cmd2-0.6.8-8.el7.noarch.rpm
python-configobj:4.7.2-7.el7
python-configshell:1.1.fb23-5.el7
python-construct:2.5.1-4.el7
python-contextlib2-0.5.1-2.el7.noarch.rpm
python-coverage:4.4.1-1.el7
python-crypto:2.6.1-15.el7
python-cryptography:2.5-1.el7
python-d2to1-0.2.11-1.el7.noarch.rpm
python-daemon:1.6-4.el7
python-dateutil:2.4.2-1.el7
python-dateutil:2.6.1-1.el7
python-debtcollector:1.17.1-1.el7
python-decorator:3.4.0-3.el7
python-defusedxml:0.5.0-2.el7
python-deltarpm:3.6-3.el7
python-deprecation:1.0-3.el7
python-devel:2.7.5-76.el7.tis
python-django:1.11.20-1.el7
python-django-appconf:1.0.1-4.el7
python-django-babel:0.6.2-1.el7
python-django-bash-completion:1.11.20-1.el7
python-django-compressor:2.1-5.el7
python-django-debreach:1.5.2-1.el7
python-django-horizon:14.0.0-2.tis
python-django-pyscss:2.0.2-1.el7
python-docker:3.3.0-1.el7
python-docker-pycreds:0.3.0-7.el7
python-dogpile-cache:0.6.2-1.el7
python-dogpile-core:0.4.1-2.el7
python-editor:0.4-4.el7
python-enum34-1.0.4-1.el7.noarch.rpm
python-ethtool:0.8-7.el7
python-eventlet:0.18.4-2.el7.tis
python-extras:0.0.3-2.el7
python-extras:1.0.0-2.el7
python-fasteners:0.14.1-6.el7
python-firewall:0.5.3-5.el7
python-fixtures:3.0.0-2.el7
python-fixtures:3.0.0-7.el7
python-flask:1.0.2-1.el7
python-flask-restful:0.3.6-7.el7
python-fmclient:1.0-4.tis
python-funcsigs:1.0.2-4.el7
python-future:0.16.0-4.el7
python-futures:3.1.1-5.el7
python-futurist:1.3.1-1.el7
python-gevent:1.1.2-2.el7
python-glanceclient:2.16.0-1.tis
python-gnocchiclient:7.0.4-1.tis
python-gobject-base:3.22.0-1.el7
python-google-auth:1.3.0-1.el7
python-greenlet:0.4.9-1.el7
python-gunicorn:19.7.1-1.el7
python-heatclient:1.17.0-1.tis
python-httplib2-0.9.2-1.el7.noarch.rpm
python-idna:2.5-1.el7
python-influxdb:4.0.0-1.el7
python-iniparse:0.4-9.el7
python-inotify:0.9.4-4.el7
python-inventoryclient:1.0-2.tis
python-ipaddr:2.1.11-1.el7
python-ipaddress:1.0.16-3.el7
python-ipaddress:1.0.18-5.el7
python-IPy:0.75-6.el7
python-ironicclient:2.7.0-1.tis
python-iso8601-0.1.11-7.el7.noarch.rpm
python-itsdangerous:0.23-2.el7
python-jinja2-2.8.1-1.el7.noarch.rpm
python-jmespath:0.9.0-5.el7
python-jsonpatch:1.21-1.el7
python-jsonpointer:1.10-4.el7
python-jsonschema:2.5.1-3.el7
python-jwcrypto:0.4.2-1.el7
python-jwt:1.6.1-1.el7
python-keyring:5.7.1-1.tis
python-keystone:15.0.0-0.2.el7.tis
python-keystoneauth1-3.13.1-1.tis.0.noarch.rpm
python-keystoneclient:3.19.0-1.tis
python-keystonemiddleware:5.2.0-1.el7
python-kmod:0.9-4.el7
python-kombu:4.0.2-5.el7
python-kubernetes:8.0.0-8.el7
python-ldap:2.4.15-2.el7
python-ldap3-2.4.1-3.el7.noarch.rpm
python-ldappool:2.1.0-1.el7
python-lefthandclient:2.1.0-0.tis
python-lesscpy-0.9j:4.el7
python-libs:2.7.5-76.el7.tis
python-libvirt:4.7.0-1.tis
python-linecache2-1.0.0-1.el7.noarch.rpm
python-linux-procfs:0.4.9-4.el7
python-lockfile:0.9.1-4.el7.centos
python-logutils:0.3.3-3.el7
python-lxml:3.2.1-4.el7
python-magnumclient:2.12.0-1.tis
python-mako:0.8.1-2.el7
python-markupsafe:0.23-16.el7
python-memcached:1.58-1.el7
python-migrate:0.11.0-1.el7
python-mimeparse:1.6.0-4.el7
python-monotonic:0.6-1.el7
python-mox3-0.23.0-1.el7.noarch.rpm
python-msgpack:0.5.6-4.el7
python-munch:2.2.0-2.el7
python-muranoclient:1.1.1-1.tis
python-murano-pkg-check:0.3.0-2.el7
python-netaddr:0.7.18-1.el7
python-netaddr:0.7.19-5.el7
python-netifaces:0.10.4-3.el7
python-neutronclient:6.12.0-1.tis
python-novaclient:13.0.0-1.tis.7
python-oauthlib:2.0.1-8.el7
python-openstackclient:3.18.0-1.tis.7
python-openstackclient-lang:3.18.0-1.tis.7
python-openstacksdk:0.25.0-1.tis
python-osc-lib:1.11.1-1.el7
python-os-client-config:1.28.0-1.el7
python-oslo-cache:1.30.3-1.el7
python-oslo-cache-lang:1.30.3-1.el7
python-oslo-concurrency:3.27.0-1.el7
python-oslo-concurrency-lang:3.27.0-1.el7
python-oslo-config:6.8.1-1.el7
python-oslo-context:2.22.1-1.el7
python-oslo-db:4.40.0-1.el7
python-oslo-db-lang:4.40.0-1.el7
python-oslo-i18n:3.17.1-1.el7
python-oslo-i18n-lang:3.17.1-1.el7
python-oslo-log:3.39.2-1.el7
python-oslo-log-lang:3.39.2-1.el7
python-oslo-messaging:5.30.6-1.el7.tis
python-oslo-middleware:3.36.0-1.el7
python-oslo-middleware-lang:3.36.0-1.el7
python-oslo-policy:2.1.1-1.el7
python-oslo-policy-lang:2.1.1-1.el7
python-oslo-rootwrap:5.9.1-1.el7
python-oslo-serialization:2.20.2-1.el7
python-oslo-service:1.38.0-1.el7
python-oslo-upgradecheck:0.2.1-1.el7
python-oslo-utils:3.40.3-1.el7
python-oslo-utils-lang:3.40.3-1.el7
python-oslo-versionedobjects:1.33.3-1.el7
python-oslo-versionedobjects-lang:1.33.3-1.el7
python-osprofiler:2.3.0-1.el7
python-os-service-types:1.3.0-1.el7
python-pankoclient:0.5.0-1.tis.7
python-paramiko:2.1.1-9.el7
python-passlib:1.7.0-4.el7
python-paste:1.7.5.1-9.20111221hg1498.el7
python-paste-deploy:1.5.2-6.el7
python-pathlib:1.0.1-1.el7
python-pbr:3.1.1-1.el7
python-pecan:1.1.2-1.el7
python-pep8-1.5.7-2.el7.noarch.rpm
python-perf:3.10.0-957.12.2.el7.1.tis
python-pexpect:4.6-1.el7
python-pika:0.10.0-9.el7
python-pika_pool:0.1.3-3.el7
python-pint:0.6-2.el7
python-ply:3.4-11.el7
python-prettytable:0.7.2-3.el7
python-psutil:5.2.2-2.el7
python-psycopg2-2.5.1-3.el7.tis.2.x86_64.rpm
python-ptyprocess:0.5.2-3.el7
python-pyasn1-0.1.9-7.el7.noarch.rpm
python-pyasn1-modules:0.1.9-7.el7
python-pycadf:2.6.0-1.el7
python-pycadf-common:2.6.0-1.el7
python-pycparser:2.14-1.el7
python-pycurl:7.19.0-19.el7
python-pyelftools:0.22-0.5.git20130619.a1d9681.el7
python-pymongo:3.0.3-1.el7
python-PyMySQL:0.9.2-1.el7
python-pyngus:2.2.4-1.el7
python-pyOpenSSL:17.3.0-3.el7
python-pyparsing:2.1.10-3.el7
python-pysaml2-4.5.0-4.el7.noarch.rpm
python-pysnmp:4.3.2-3.el7
python-pysocks:1.6.8-5.el7
python-pyudev:0.15-9.el7
python-qpid-proton:0.24.0-2.el7
python-rados:13.2.2-0.el7.tis
python-rbd:13.2.2-0.el7.tis
python-rcssmin:1.0.6-2.el7
python-repoze-lru:0.4-3.el7
python-requests:2.21.0-2.el7.tis
python-requestsexceptions:1.4.0-1.el7
python-requests-oauthlib:0.8.0-5.el7
python-retrying:1.2.3-4.el7
python-rfc3986-1.2.0-1.el7.noarch.rpm
python-rgw:13.2.2-0.el7.tis
python-rjsmin:1.0.12-2.el7
python-routes:2.4.1-1.el7
python-rsa:3.4.1-1.el7
python-rtslib:2.1.fb63-13.el7
python-ruamel-ordereddict:0.4.9-3.el7
python-ruamel-yaml:0.13.14-1.el7
python-ryu:4.19-0.tis
python-ryu-common:4.19-0.tis
python-schedutils:0.4-6.el7
python-scrypt:0.8.0-2.el7
python-scss:1.3.4-6.el7
python-semantic_version:2.4.2-2.el7
python-setuptools:38.5.1-1.el7.tis
python-simplegeneric:0.8-7.el7
python-simplejson:3.10.0-1.el7
python-simplejson:3.5.3-5.el7
python-singledispatch:3.4.0.3-4.el7
python-six:1.10.0-9.el7
python-slip:0.4.0-4.el7
python-slip-dbus:0.4.0-4.el7
python-smartpm:1.4.1-0.tis
python-sqlalchemy:1.1.11-1.el7
python-sqlparse:0.1.18-5.el7
python-statsd:3.2.1-5.el7
python-stevedore:1.25.1-1.el7
python-swiftclient:3.4.0-1.el7
python-tempita:0.5.1-8.el7
python-tenacity:4.4.0-1.el7
python-testtools:1.8.0-2.el7
python-tinyrpc:0.5-4.20170523git1f38ac.el7
python-traceback2-1.4.0-7.el7.noarch.rpm
python-typing:3.6.1-1.el7
python-ujson:1.35-1.el7
python-unicodecsv:0.14.1-4.el7
python-unittest2-1.1.0-4.el7.noarch.rpm
python-urlgrabber:3.10-9.el7
python-urllib3-1.21.1-1.el7.noarch.rpm
python-urwid:1.1.1-3.el7
python-versiontools:1.9.1-4.el7
python-vine:1.1.3-2.el7
python-waitress:0.8.9-5.el7
python-warlock:1.0.1-1.el7
python-webob:1.8.2-1.el7
python-websocket-client:0.34.0-3.el7
python-websockify:0.8.0-1.el7
python-webtest:2.0.23-1.el7
python-werkzeug:0.9.1-2.el7
python-wrapt:1.10.8-2.el7
python-wsme:0.9.2-1.el7.tis
python-XStatic:1.0.1-8.el7
python-XStatic-Angular:1.5.8.0-1.el7
python-XStatic-Angular-Bootstrap:2.2.0.0-1.el7
python-XStatic-Angular-FileUpload:12.0.4.0-1.el7
python-XStatic-Angular-Gettext:2.3.8.0-1.el7
python-XStatic-Angular-lrdragndrop:1.0.2.2-2.el7
python-XStatic-Angular-Schema-Form:0.8.13.0-0.1.pre_review.el7
python-XStatic-Bootstrap-Datepicker:1.3.1.0-1.el7
python-XStatic-Bootstrap-SCSS:3.3.7.1-2.el7
python-XStatic-bootswatch:3.3.7.0-1.el7
python-XStatic-D3-3.5.17.0-1.el7.noarch.rpm
python-XStatic-Font-Awesome:4.7.0.0-3.el7
python-XStatic-Hogan:2.0.0.2-2.el7
python-XStatic-Jasmine:2.4.1.1-1.el7
python-XStatic-jQuery:1.10.2.1-1.el7
python-XStatic-JQuery-Migrate:1.2.1.1-2.el7
python-XStatic-JQuery-quicksearch:2.0.3.1-2.el7
python-XStatic-JQuery-TableSorter:2.14.5.1-2.el7
python-XStatic-jquery-ui:1.12.0.1-1.el7
python-XStatic-JSEncrypt:2.3.1.1-1.el7
python-XStatic-Magic-Search:0.2.0.1-2.el7
python-XStatic-mdi:1.4.57.0-4.el7
python-XStatic-objectpath:1.2.1.0-0.1.pre_review.el7
python-XStatic-Rickshaw:1.5.0.0-4.el7
python-XStatic-roboto-fontface:0.5.0.0-1.el7
python-XStatic-smart-table:1.4.13.2-1.el7
python-XStatic-Spin:1.2.5.2-2.el7
python-XStatic-termjs:0.0.7.0-1.el7
python-XStatic-tv4-1.2.7.0-0.1.pre_review.el7.noarch.rpm
python-yappi:1.0-1.el7
python-yaql:1.1.3-2.el7
python-zmq:14.7.0-2.el7
pytz:2016.10-2.el7
pyxattr:0.5.1-5.el7
PyYAML:3.10-11.el7
qat17-4.5.0-00034.tis.1.x86_64.rpm
qat17-rt:4.5.0-00034.tis
qemu-img-ev:3.0.0-0.tis
qemu-kvm-common-ev:3.0.0-0.tis
qemu-kvm-ev:3.0.0-0.tis
qemu-kvm-tools-ev:3.0.0-0.tis
qpid-proton-c:0.24.0-2.el7
qrencode-libs:3.4.1-3.el7
quota:4.01-17.el7
quota-nls:4.01-17.el7
rabbitmq-server:3.6.5-1.el7.tis.7
rabbitmq-server-config:1.0-0.tis
radvd:2.17-3.el7
rdma:7.3_4.7_rc2-6.el7
rdma-core:45mlnx1-1.45101.tis
readline:6.2-10.el7
registry-token-server:1.0.0-1.tis
requests-toolbelt:0.5.1-0.tis
resource-agents:4.1.1-12.el7_6.7.tis
roboto-fontface-common:0.5.0.0-1.el7
roboto-fontface-fonts:0.5.0.0-1.el7
rootfiles:8.1-11.el7
rpcbind:0.2.0-47.el7
rpm:4.14.0-1.tis
rpm-build-libs:4.14.0-1.tis
rpm-libs:4.14.0-1.tis
rpm-plugin-systemd-inhibit:4.14.0-1.tis
rpm-python:4.14.0-1.tis
rsync:3.1.2-4.el7
rsync-config:1.0-1.tis
rtctl:1.13-2.el7
rt-setup:1.59-5.el7
ruby:2.0.0.648-34.el7
ruby-augeas:0.5.0-1.el7
rubygem-bigdecimal:1.2.0-34.el7
rubygem-io-console:0.4.2-34.el7
rubygem-json:2.0.2-2.el7
rubygem-psych:2.0.0-34.el7
rubygem-rdoc:4.0.0-34.el7
rubygem-rgen:0.6.6-2.el7
rubygems:2.0.14.1-34.el7
ruby-irb:2.0.0.648-34.el7
ruby-libs:2.0.0.648-34.el7
ruby-shadow:1.4.1-23.el7
samba-client-libs:4.8.3-4.el7
samba-common:4.8.3-4.el7
samba-common-libs:4.8.3-4.el7
screen:4.1.0-0.25.20120314git3c2946.el7
seabios-bin:1.11.0-2.el7
seavgabios-bin:1.11.0-2.el7
sed:4.2.2-5.el7
selinux-policy:3.13.1-229.el7
selinux-policy-minimum:3.13.1-229.el7
selinux-policy-mls:3.13.1-229.el7
selinux-policy-targeted:3.13.1-229.el7
setools-libs:3.3.8-4.el7
setup:2.8.71-10.el7.tis
setup-config:1.0-0.tis
sgabios-bin-0.20110622svn:4.el7
shadow-utils:4.1.5.1-25.el7
shadow-utils-config:1.0-0.tis
shared-mime-info:1.8-4.el7
shim-x64-15-1.tis.2.x86_64.rpm
slang:2.2.4-11.el7
sm:1.0.0-30.tis
sm-api:1.0-4.tis
smartmontools:6.5-1.el7
sm-client:1.0-2.tis
sm-common:1.0.0-20.tis
sm-common-libs:1.0.0-20.tis
sm-db:1.0.0-30.tis
sm-eru:1.0.0-20.tis
sm-tools:1.0-2.tis
snappy:1.1.0-3.el7
snmp-audittrail:1.0-4.tis
snmp-ext:1.0-2.tis
socat:1.7.3.2-2.el7
spawn-fcgi:1.6.3-5.el7
spice-server:0.14.0-6.el7
sqlite:3.7.17-8.el7
sshpass:1.06-1.el7
starlingx-dashboard:1.0-163.tis
storageconfig:1.0-6.tis
strace:4.12-9.el7
stx-ocf-scripts:1.0-2.tis
stx-platform-helm:1.0-7.tis
sudo:1.8.23-3.el7.tis
sudo-config:1.0-1.tis
swig:2.0.10-5.el7
swtpm:0.1.0-2.tis
swtpm-cuse:0.1.0-2.tis
swtpm-libs:0.1.0-2.tis
swtpm-tools:0.1.0-2.tis
sysinv:1.0-323.tis
sysinv-agent:1.0-5.tis
syslinux:4.05-15.el7
syslog-ng:3.5.6-3.el7
syslog-ng-config:1.0-3.tis
syslog-ng-libdbi:3.5.6-3.el7
sysstat:10.1.5-17.el7
systemd:219-62.el7_6.5.tis
systemd-config:1.0-0.tis
systemd-libs:219-62.el7_6.5.tis
systemd-sysv:219-62.el7_6.5.tis
sysvinit-tools:2.88-14.dsf.el7
tar:1.26-35.el7
targetcli:2.1.fb46-7.el7
tboot:1.9.6-3.el7.tis
tcl:8.5.13-8.el7
tcpdump:4.9.2-3.el7
tcp_wrappers:7.6-77.el7
tcp_wrappers-libs:7.6-77.el7
teamd:1.27-5.el7
time:1.7-45.el7
tis-extensions:1.0-2.tis
tis-extensions-controller:1.0-2.tis
tpm2-abrmd:1.1.0-10.el7
tpm2-openssl-engine:1.0-2.tis
tpm2-tools:3.0.4-2.el7.tis
tpm2-tss:1.4.0-2.el7
tpm2-tss-devel:1.4.0-2.el7
traceroute:2.0.22-2.el7
trousers:0.3.14-2.el7
tsconfig:1.0-9.tis
tss2-930-1.tis.1.x86_64.rpm
tuna:0.13-6.el7
tuned:2.8.0-5.el7
tuned-profiles-realtime:2.8.0-5.el7
tzdata-2018g:1.el7
unbound-libs:1.6.6-1.el7
unzip:6.0-19.el7
update-motd:1.0-2.tis
usbredir:0.7.1-3.el7
ustr:1.0.4-16.el7
util-linux:2.23.2-59.el7
util-linux-config:1.0-0.tis
uuid:1.6.2-26.el7
vim-common:7.4.160-5.el7
vim-enhanced:7.4.160-5.el7
vim-filesystem:7.4.160-5.el7
vim-minimal:7.4.160-5.el7
virt-what:1.18-4.el7
vm-topology:1.0-1.tis
web-assets-filesystem:5-1.el7
wget:1.14-18.el7
which:2.20-7.el7
workerconfig:1.0-12.tis
workerconfig-standalone:1.0-12.tis
workerconfig-subfunction:1.0-12.tis
worker-utils:1.0-3.tis
wrs-ssl:1.0.0-13.tis
xfsprogs:4.5.0-18.el7
xml-common:0.6.3-39.el7
xstatic-angular-bootstrap-common:2.2.0.0-1.el7
XStatic-Angular-common:1.5.8.0-1.el7
xstatic-angular-fileupload-common:12.0.4.0-1.el7
xstatic-angular-gettext-common:2.3.8.0-1.el7
xstatic-angular-schema-form-common:0.8.13.0-0.1.pre_review.el7
xstatic-bootstrap-scss-common:3.3.7.1-2.el7
xstatic-d3-common:3.5.17.0-1.el7
xstatic-jasmine-common:2.4.1.1-1.el7
xstatic-jsencrypt-common:2.3.1.1-1.el7
xstatic-objectpath-common:1.2.1.0-0.1.pre_review.el7
xstatic-smart-table-common:1.4.13.2-1.el7
xstatic-termjs-common:0.0.7.0-1.el7
xstatic-tv4-common:1.2.7.0-0.1.pre_review.el7
xz:5.2.2-1.el7
xz-libs:5.2.2-1.el7
yajl:2.0.4-4.el7
yum:3.4.3-161.el7.centos
yum-metadata-parser:1.1.4-10.el7
yum-plugin-fastestmirror:1.1.31-50.el7
zeromq:4.0.5-4.el7
zip:3.0-11.el7
zlib:1.2.7-18.el7
