acl:2.2.52-r0
acpid:2.0.30-r0
adwaita-icon-theme-symbolic:3.28.0-r0
alsa-conf:1.1.6-r0
alsa-state:0.2.0-r5
alsa-states:0.2.0-r5
alsa-utils-alsactl:1.1.6-r0
alsa-utils-alsamixer:1.1.6-r0
apache2:2.4.34-r0
at:3.1.20-r0
attr:2.4.47-r0
audit:2.8.4-r0
audit-config:19.05-r0
autoconf:2.69-r1
automake:1.16.1-r0
avahi-daemon:0.7-r0
avahi-locale-en-gb:0.7-r0
barbican:2015.1.0+git0+e6f05febbe-r0
barbican-setup:2015.1.0+git0+e6f05febbe-r0
base-files:3.0.14-r8
base-passwd:3.5.29-r0
bash:4.4.18-r0
bash-completion:2.8-r0
bc:1.07.1-r0
bind-libs:9.11.4-r0
binutils:2.31.1-r0
bluez5:5.50-r0
boost:1.68.0-r0
boost-log:1.68.0-r0
boost-math:1.68.0-r0
boost-serialization:1.68.0-r0
boost-test:1.68.0-r0
bridge-utils:1.6-r0
btrfs-tools:4.17.1-r0
busybox:1.29.3-r0
busybox-udhcpc:1.29.3-r0
bzip2:1.0.6-r5
ca-certificates:20190110-r0
ccache:3.4.2-r0
ceilometer-agent-notification:5.0.0+git0+026a5d475e-r0
ceilometer-alarm-evaluator:5.0.0+git0+026a5d475e-r0
ceilometer-alarm-notifier:5.0.0+git0+026a5d475e-r0
ceilometer-api:5.0.0+git0+026a5d475e-r0
ceilometer-collector:5.0.0+git0+026a5d475e-r0
ceilometer-common:5.0.0+git0+026a5d475e-r0
ceilometer-controller:5.0.0+git0+026a5d475e-r0
ceilometer-reseller:5.0.0+git0+026a5d475e-r0
ceilometer-setup:5.0.0+git0+026a5d475e-r0
cgcs-patch:19.05-r0
cgcs-users:19.05-r0
chkconfig:1.3.58-r7
chkconfig-locale-en-gb:1.3.58-r7
cifs-utils:6.7-r0
cinder:11.1.0+git0+4fb3a702ba-r0
cinder-api:11.1.0+git0+4fb3a702ba-r0
cinder-backup:11.1.0+git0+4fb3a702ba-r0
cinder-scheduler:11.1.0+git0+4fb3a702ba-r0
cinder-setup:11.1.0+git0+4fb3a702ba-r0
cinder-volume:11.1.0+git0+4fb3a702ba-r0
cloud-init:0.7.6-r0
collectd:5.8.0-r0
config-gate:19.05-r0
conntrack-tools:1.4.4-r0
controllerconfig:19.05-r0
coreutils:8.30-r0
cpio:2.12-r0
cpp:8.2.0-r0
cpp-symlinks:8.2.0-r0
cracklib:2.9.5-r0
createrepo-c:0.11.1+git0+434a40babd-r0
cronie:1.5.2-r0
cryptsetup:2.0.4-r0
curl:7.61.0-r0
db:5.3.28-r1
dbus-1:1.12.10-r0
dhcp-client:4.4.1-r0
dhcp-config:19.05-r0
dhcp-libs:4.4.1-r0
dhcp-relay:4.4.1-r0
dhcp-server:4.4.1-r0
dhcp-server-config:4.4.1-r0
diffstat:1.62-r0
diffutils:3.6-r0
dmidecode:3.1-r0
dnf:2.7.5-r0
dnf-locale-en-gb:2.7.5-r0
dnsmasq:2.79-r0
dnsmasq-config:19.05-r0
docker-config:19.05-r0
dosfstools:4.1-r0
dracut:049-r0
drbd-utils:9.5.0-r0
dtc:1.4.7-r0
e2fsprogs:1.44.3-r0
e2fsprogs-badblocks:1.44.3-r0
e2fsprogs-e2fsck:1.44.3-r0
e2fsprogs-mke2fs:1.44.3-r0
ebtables:2.0.10+4-r4
ed:1.14.2-r0
efibootmgr:0.16-r0
efivar:0.36-r0
elfutils:0.175-r0
erlang-appmon:R16B03+1-r0
erlang-asn1:R16B03+1-r0
erlang-common-test:R16B03+1-r0
erlang-compiler:R16B03+1-r0
erlang-coseventdomain:R16B03+1-r0
erlang-cosevent:R16B03+1-r0
erlang-cosfiletransfer:R16B03+1-r0
erlang-cosnotification:R16B03+1-r0
erlang-cosproperty:R16B03+1-r0
erlang-costime:R16B03+1-r0
erlang-costransactions:R16B03+1-r0
erlang-crypto:R16B03+1-r0
erlang-debugger:R16B03+1-r0
erlang-dialyzer:R16B03+1-r0
erlang-diameter:R16B03+1-r0
erlang-doc:R16B03+1-r0
erlang-edoc:R16B03+1-r0
erlang-eldap:R16B03+1-r0
erlang-erl-docgen:R16B03+1-r0
erlang-erl-interface:R16B03+1-r0
erlang-erts:R16B03+1-r0
erlang-et:R16B03+1-r0
erlang-eunit:R16B03+1-r0
erlang-gs:R16B03+1-r0
erlang-hipe:R16B03+1-r0
erlang-ic:R16B03+1-r0
erlang-inets:R16B03+1-r0
erlang-jinterface:R16B03+1-r0
erlang-kernel-doc:R16B03+1-r0
erlang-kernel:R16B03+1-r0
erlang-megaco:R16B03+1-r0
erlang-mnesia:R16B03+1-r0
erlang-modules:R16B03+1-r0
erlang-observer:R16B03+1-r0
erlang-orber:R16B03+1-r0
erlang-os-mon:R16B03+1-r0
erlang-otp-mibs:R16B03+1-r0
erlang-parsetools:R16B03+1-r0
erlang-percept:R16B03+1-r0
erlang-pman:R16B03+1-r0
erlang-public-key:R16B03+1-r0
erlang:R16B03+1-r0
erlang-reltool:R16B03+1-r0
erlang-runtime-tools:R16B03+1-r0
erlang-sasl-doc:R16B03+1-r0
erlang-sasl:R16B03+1-r0
erlang-snmp:R16B03+1-r0
erlang-ssh:R16B03+1-r0
erlang-ssl:R16B03+1-r0
erlang-stdlib-doc:R16B03+1-r0
erlang-stdlib:R16B03+1-r0
erlang-syntax-tools:R16B03+1-r0
erlang-test-server:R16B03+1-r0
erlang-toolbar:R16B03+1-r0
erlang-tools:R16B03+1-r0
erlang-tv:R16B03+1-r0
erlang-typer:R16B03+1-r0
erlang-webtool:R16B03+1-r0
erlang-xmerl:R16B03+1-r0
ethtool:4.19-r0
expect:5.45.4-r0
facter:2.5.0-r0
file:5.34-r0
findutils:4.6.0-r0
flac:1.3.2-r0
flex:2.6.0-r0
flex-libfl:2.6.0-r0
fm-api:19.05-r0
fm-common:19.05-r0
fm-doc:19.05-r0
fm-mgr:19.05-r0
fm-rest-api:19.05-r0
fontconfig-utils:2.12.6-r0
formfactor:0.0-r4
fuser:23.1-r0
fuse-utils:2.9.8-r0
g++:8.2.0-r0
gawk:4.2.1-r0
gcc:8.2.0-r0
gcc-sanitizers:8.2.0-r0
gcc-symlinks:8.2.0-r0
gdb:8.2-r0
gdbserver:8.2-r0
geoip:1.6.12-r0
geoip-database:1.6.12-r0
gettext:0.19.8.1-r0
gettext-runtime:0.19.8.1-r0
glance:15.0.0+git0+06af2eb5ab-r0
glance-api:15.0.0+git0+06af2eb5ab-r0
glance-registry:15.0.0+git0+06af2eb5ab-r0
glance-setup:15.0.0+git0+06af2eb5ab-r0
glibc-gconv:2.28-r0
glibc-gconv-cp1252:2.28-r0
glibc-gconv-ibm437:2.28-r0
glibc-gconv-ibm850:2.28-r0
glibc-gconv-ibm851:2.28-r0
glibc-gconv-ibm852:2.28-r0
glibc-gconv-ibm855:2.28-r0
glibc-gconv-ibm857:2.28-r0
glibc-gconv-ibm860:2.28-r0
glibc-gconv-ibm861:2.28-r0
glibc-gconv-ibm862:2.28-r0
glibc-gconv-ibm863:2.28-r0
glibc-gconv-ibm865:2.28-r0
glibc-gconv-ibm866:2.28-r0
glibc-gconv-ibm869:2.28-r0
glibc-gconv-iso8859-1:2.28-r0
glibc-gconv-iso8859-15:2.28-r0
glibc-localedata-i18n:2.28-r0
glibc-localedata-i18n-ctype:2.28-r0
glibc-localedata-iso14651-t1:2.28-r0
glibc-localedata-iso14651-t1-common:2.28-r0
glibc-localedata-translit-circle:2.28-r0
glibc-localedata-translit-cjk-compat:2.28-r0
glibc-localedata-translit-compat:2.28-r0
glibc-localedata-translit-font:2.28-r0
glibc-localedata-translit-fraction:2.28-r0
glibc-localedata-translit-narrow:2.28-r0
glibc-localedata-translit-neutral:2.28-r0
glibc-localedata-translit-small:2.28-r0
glibc-localedata-translit-wide:2.28-r0
glibc-locale-en-gb:2.28-r0
glibc-mtrace:2.28-r0
glusterfs:3.11.1-r0
gnome-desktop-testing:2014.1-r1
gnu-config:20180713+git0+30d53fc428-r0
gnu-efi:3.0.8-r0
gnupg:2.2.12-r0
gobject-introspection:1.58.0-r0
gperftools:2.7-r0
gpgme:1.11.1-r0
gpm:1.99.7+git1fd19417b8a4dd9945347e98dfa97e4cfd798d77-r2
grep:3.1-r0
groff:1.22.3-r0
g++-symlinks:8.2.0-r0
gtk+3-locale-en:3.22.30-r0
gtk+3-locale-en-gb:3.22.30-r0
gzip:1.9-r0
haproxy-config:19.05-r0
hdparm:9.56-r0
heat-api:5.0.0+git0+4348b7abab-r0
heat-api-cfn:5.0.0+git0+4348b7abab-r0
heat-cfn:5.0.0+git0+4348b7abab-r0
heat-common:5.0.0+git0+4348b7abab-r0
heat-engine:5.0.0+git0+4348b7abab-r0
heat-setup:5.0.0+git0+4348b7abab-r0
heat-templates:5.0.0+git0+4348b7abab-r0
hicolor-icon-theme:0.17-r0
hiera:1.3.4-r0
horizon:12.0.0+git0+246ff9f812-r0
horizon-apache:12.0.0+git0+246ff9f812-r0
horizon-standalone:12.0.0+git0+246ff9f812-r0
hwdata:0.316+git0+803819aef8-r0
ima-evm-utils:1.0+git0+3e2a67bdb0-r0
initscripts:1.0-r1
initscripts-config:19.05-r0
initscripts-functions:1.0-r1
initscripts-sushell:1.0-r1
intel-microcode:20190514a-r0
intltool:0.51.0-r0
inventory:19.05-r0
io-scheduler:19.05-r0
iotop:0.6-r0
iperf3:3.6-r0
ipmitool:1.8.18-r0
iproute2:4.19.0-r0
iptables:1.6.2-r0
iptables-config:19.05-r0
iptables-module-ebt-802-3:1.6.2-r0
iptables-module-ebt-ip:1.6.2-r0
iptables-module-ebt-log:1.6.2-r0
iptables-module-ebt-mark-m:1.6.2-r0
iptables-module-ip6t-ah:1.6.2-r0
iptables-module-ip6t-dnat:1.6.2-r0
iptables-module-ip6t-dnpt:1.6.2-r0
iptables-module-ip6t-dst:1.6.2-r0
iptables-module-ip6t-eui64:1.6.2-r0
iptables-module-ip6t-frag:1.6.2-r0
iptables-module-ip6t-hbh:1.6.2-r0
iptables-module-ip6t-hl:1.6.2-r0
iptables-module-ip6t-icmp6:1.6.2-r0
iptables-module-ip6t-ipv6header:1.6.2-r0
iptables-module-ip6t-log:1.6.2-r0
iptables-module-ip6t-masquerade:1.6.2-r0
iptables-module-ip6t-mh:1.6.2-r0
iptables-module-ip6t-netmap:1.6.2-r0
iptables-module-ip6t-redirect:1.6.2-r0
iptables-module-ip6t-reject:1.6.2-r0
iptables-module-ip6t-rt:1.6.2-r0
iptables-module-ip6t-snat:1.6.2-r0
iptables-module-ip6t-snpt:1.6.2-r0
iptables-module-ip6t-srh:1.6.2-r0
iptables-module-ipt-ah:1.6.2-r0
iptables-module-ipt-clusterip:1.6.2-r0
iptables-module-ipt-dnat:1.6.2-r0
iptables-module-ipt-ecn:1.6.2-r0
iptables-module-ipt-icmp:1.6.2-r0
iptables-module-ipt-log:1.6.2-r0
iptables-module-ipt-masquerade:1.6.2-r0
iptables-module-ipt-netmap:1.6.2-r0
iptables-module-ipt-realm:1.6.2-r0
iptables-module-ipt-redirect:1.6.2-r0
iptables-module-ipt-reject:1.6.2-r0
iptables-module-ipt-snat:1.6.2-r0
iptables-module-ipt-ttl:1.6.2-r0
iptables-module-ipt-ulog:1.6.2-r0
iptables-modules:1.6.2-r0
iptables-module-xt-addrtype:1.6.2-r0
iptables-module-xt-audit:1.6.2-r0
iptables-module-xt-bpf:1.6.2-r0
iptables-module-xt-cgroup:1.6.2-r0
iptables-module-xt-checksum:1.6.2-r0
iptables-module-xt-classify:1.6.2-r0
iptables-module-xt-cluster:1.6.2-r0
iptables-module-xt-comment:1.6.2-r0
iptables-module-xt-connbytes:1.6.2-r0
iptables-module-xt-connlimit:1.6.2-r0
iptables-module-xt-connmark:1.6.2-r0
iptables-module-xt-connsecmark:1.6.2-r0
iptables-module-xt-conntrack:1.6.2-r0
iptables-module-xt-cpu:1.6.2-r0
iptables-module-xt-ct:1.6.2-r0
iptables-module-xt-dccp:1.6.2-r0
iptables-module-xt-dscp:1.6.2-r0
iptables-module-xt-ecn:1.6.2-r0
iptables-module-xt-esp:1.6.2-r0
iptables-module-xt-hashlimit:1.6.2-r0
iptables-module-xt-helper:1.6.2-r0
iptables-module-xt-hmark:1.6.2-r0
iptables-module-xt-idletimer:1.6.2-r0
iptables-module-xt-ipcomp:1.6.2-r0
iptables-module-xt-iprange:1.6.2-r0
iptables-module-xt-ipvs:1.6.2-r0
iptables-module-xt-led:1.6.2-r0
iptables-module-xt-length:1.6.2-r0
iptables-module-xt-limit:1.6.2-r0
iptables-module-xt-mac:1.6.2-r0
iptables-module-xt-mangle:1.6.2-r0
iptables-module-xt-mark:1.6.2-r0
iptables-module-xt-multiport:1.6.2-r0
iptables-module-xt-nfacct:1.6.2-r0
iptables-module-xt-nflog:1.6.2-r0
iptables-module-xt-nfqueue:1.6.2-r0
iptables-module-xt-notrack:1.6.2-r0
iptables-module-xt-osf:1.6.2-r0
iptables-module-xt-owner:1.6.2-r0
iptables-module-xt-physdev:1.6.2-r0
iptables-module-xt-pkttype:1.6.2-r0
iptables-module-xt-policy:1.6.2-r0
iptables-module-xt-quota:1.6.2-r0
iptables-module-xt-rateest:1.6.2-r0
iptables-module-xt-recent:1.6.2-r0
iptables-module-xt-rpfilter:1.6.2-r0
iptables-module-xt-sctp:1.6.2-r0
iptables-module-xt-secmark:1.6.2-r0
iptables-module-xt-set:1.6.2-r0
iptables-module-xt-socket:1.6.2-r0
iptables-module-xt-standard:1.6.2-r0
iptables-module-xt-state:1.6.2-r0
iptables-module-xt-statistic:1.6.2-r0
iptables-module-xt-string:1.6.2-r0
iptables-module-xt-synproxy:1.6.2-r0
iptables-module-xt-tcp:1.6.2-r0
iptables-module-xt-tcpmss:1.6.2-r0
iptables-module-xt-tcpoptstrip:1.6.2-r0
iptables-module-xt-tee:1.6.2-r0
iptables-module-xt-time:1.6.2-r0
iptables-module-xt-tos:1.6.2-r0
iptables-module-xt-tproxy:1.6.2-r0
iptables-module-xt-trace:1.6.2-r0
iptables-module-xt-u32:1.6.2-r0
iptables-module-xt-udp:1.6.2-r0
iputils-arping:s20180629-r0
iputils-clockdiff:s20180629-r0
iputils-ping:s20180629-r0
iputils-rarpd:s20180629-r0
iputils-rdisc:s20180629-r0
iputils:s20180629-r0
iputils-tftpd:s20180629-r0
iputils-tracepath:s20180629-r0
iputils-traceroute6:s20180629-r0
iscsi-initiator-utils:2.0.876+git0+bd79e4ed10-r0
isomd5sum:1.2.3-r0
iw:4.14-r0
kbd:2.0.4-r0
kbd-consolefonts:2.0.4-r0
kbd-keymaps:2.0.4-r0
kdump:2.0.17-r0
kexec:2.0.17-r0
kexec-tools:2.0.17-r0
keymaps:1.0-r3
keystone:12.0.0+git0+d07677aba5-r0
keystone-cronjobs:12.0.0+git0+d07677aba5-r0
keystone-setup:12.0.0+git0+d07677aba5-r0
keyutils:1.5.10-r0
killall:23.1-r0
kmod:25+git0+aca4eca103-r0
kpartx:0.7.7-r0
ldd:2.28-r0
less:530-r0
libacl1:2.2.52-r0
libaddns-samba4:4.8.4-r0
libads-samba4:4.8.4-r0
libaio1:0.3.111-r0
libapr-1-0:1.6.3-r0
libaprutil-1-0:1.6.1-r0
libarchive:3.3.3-r0
libasan5:8.2.0-r0
libasm1:0.175-r0
libasn1util-samba4:4.8.4-r0
libasound2:1.1.6-r0
libassuan0:2.5.1-r0
libatk-1.0-0:2.28.1-r0
libatk-1.0-locale-en-gb:2.28.1-r0
libatk-bridge-2.0-0:2.26.2-r0
libatomic1:8.2.0-r0
libatspi0:2.28.0-r0
libatspi-locale-en-gb:2.28.0-r0
libattr1:2.4.47-r0
libauth4-samba4:4.8.4-r0
libauthkrb5-samba4:4.8.4-r0
libauth-samba4:4.8.4-r0
libauth-unix-token-samba4:4.8.4-r0
libavahi-client3:0.7-r0
libavahi-common3:0.7-r0
libavahi-core7:0.7-r0
libbfd:2.31.1-r0
libblkid1:2.32.1-r0
libboost-atomic1.68.0:1.68.0-r0
libboost-chrono1.68.0:1.68.0-r0
libboost-container1.68.0:1.68.0-r0
libboost-context1.68.0:1.68.0-r0
libboost-contract1.68.0:1.68.0-r0
libboost-coroutine1.68.0:1.68.0-r0
libboost-date-time1.68.0:1.68.0-r0
libboost-filesystem1.68.0:1.68.0-r0
libboost-graph1.68.0:1.68.0-r0
libboost-iostreams1.68.0:1.68.0-r0
libboost-locale1.68.0:1.68.0-r0
libboost-program-options1.68.0:1.68.0-r0
libboost-python35-1.68.0:1.68.0-r0
libboost-random1.68.0:1.68.0-r0
libboost-regex1.68.0:1.68.0-r0
libboost-signals1.68.0:1.68.0-r0
libboost-system1.68.0:1.68.0-r0
libboost-thread1.68.0:1.68.0-r0
libboost-timer1.68.0:1.68.0-r0
libboost-wave1.68.0:1.68.0-r0
libbsd0:0.9.1-r0
libbz2-1:1.0.6-r5
libc6:2.28-r0
libc6-extra-nss:2.28-r0
libc6-thread-db:2.28-r0
libc6-utils:2.28-r0
libcairo2:1.14.12-r0
libcairo-gobject2:1.14.12-r0
libcap2:2.25-r0
libcap-ng0:0.7.9-r0
libcares2:1.14.0+gitr0+17dc1b3102-r0
libcelt051-0:0.5.1.3+git0+5555aae843-r0
libcgroup:0.41-r0
libcharset3-samba4:4.8.4-r0
libcliauth-samba4:4.8.4-r0
libcli-cldap-samba4:4.8.4-r0
libcli-ldap-common-samba4:4.8.4-r0
libcli-ldap-samba4:4.8.4-r0
libcli-nbt-samba4:4.8.4-r0
libcli-smb-common-samba4:4.8.4-r0
libcli-spoolss-samba4:4.8.4-r0
libcluster-samba4:4.8.4-r0
libcmdline-credentials-samba4:4.8.4-r0
libcom-err2:1.44.3-r0
libcommon-auth-samba4:4.8.4-r0
libcomps0.1.8:0.1.8+git0+01a4759894-r0
libconfig-general-perl:2.63-r0
libcroco:0.6.12-r0
libcrypt1:4.1.1-r0
libcrypto1.1:1.1.1b-r0
libcups2:2.2.8-r0
libcurl4:7.61.0-r0
libdaemon0:0.14-r0
libdbd-mysql-perl:4.043-r0
libdb-glue-samba4:4.8.4-r0
libdbi-perl:1.641-r0
libdbus-1-3:1.12.10-r0
libdbus-glib-1-2:0.110-r0
libdbwrap-samba4:4.8.4-r0
libdcerpc0:4.8.4-r0
libdcerpc-binding0:4.8.4-r0
libdcerpc-samba4:4.8.4-r0
libdcerpc-samba-samba4:4.8.4-r0
libdcerpc-server0:4.8.4-r0
libdevmapper:2.02.180-r0
libdfs-server-ad-samba4:4.8.4-r0
libdmx1:1.1.4-r0
libdnf1:0.11.1-r0
libdnsserver-common-samba4:4.8.4-r0
libdrm2:2.4.94-r0
libdrm-intel1:2.4.94-r0
libdrm-nouveau2:2.4.94-r0
libdrm-radeon1:2.4.94-r0
libdsdb-garbage-collect-tombstones-samba4:4.8.4-r0
libdsdb-module-samba4:4.8.4-r0
libdw1:0.175-r0
libe2p2:1.44.3-r0
libedit0:20180525+3.1-r0
libegl-mesa:18.1.9-r0
libelf1:0.175-r0
libepoxy0:1.5.2-r0
liberation-fonts:2.00.1-r0
libestr0:0.1.11-r0
libev4:4.24-r0
libevdev:1.5.9-r0
libevent:2.1.8-r0
libevents-samba4:4.8.4-r0
libexpat1:2.2.6-r0
libext2fs2:1.44.3-r0
libfdisk1:2.32.1-r0
libffi6:3.2.1-r0
libflac8:1.3.2-r0
libflag-mapping-samba4:4.8.4-r0
libfontconfig1:2.12.6-r0
libfontenc1:1.1.3-r0
libform5:6.1+20180630-r0
libformw5:6.1+20180630-r0
libfreetype6:2.9.1-r0
libfribidi0:1.0.5-r0
libfuse2:2.9.8-r0
libgbm1:18.1.9-r0
libgcc1:8.2.0-r0
libgcrypt:1.8.4-r0
libgdbm6:1.18-r0
libgdbm-compat4:1.18-r0
libgdk-pixbuf-2.0-0:2.36.11-r0
libgdk-pixbuf-2.0-bin:2.36.11-r0
libgdk-pixbuf-2.0-loader-gif:2.36.11-r0
libgdk-pixbuf-2.0-loader-jpeg:2.36.11-r0
libgdk-pixbuf-2.0-loader-png:2.36.11-r0
libgdk-pixbuf-2.0-loader-xpm:2.36.11-r0
libgdk-pixbuf-2.0-locale-en-gb:2.36.11-r0
libgenrand-samba4:4.8.4-r0
libgensec-samba4:4.8.4-r0
libgettextlib:0.19.8.1-r0
libgettextsrc:0.19.8.1-r0
libgfapi0:3.11.1-r0
libglapi0:18.1.9-r0
libglib-2.0-0:2.58.0-r0
libglib-2.0-locale-en-gb:2.58.0-r0
libglib-2.0-utils:2.58.0-r0
libgl-mesa:18.1.9-r0
libgmp10:6.1.2-r0
libgmpxx4:6.1.2-r0
libgnutls30:3.6.4-r0
libgomp1:8.2.0-r0
libgpext-samba4:4.8.4-r0
libgpg-error:1.32-r0
libgse-samba4:4.8.4-r0
libgssapi-krb5-2:1.16.1-r0
libgssrpc4:1.16.1-r0
libgtk-3.0:3.22.30-r0
libgudev-1.0-0:232-r0
libharfbuzz0:1.8.8-r0
libhttp-samba4:4.8.4-r0
libibverbs1:1.1.7-r0
libice6:1.0.9-r0
libicudata62:62.1-r0
libicui18n62:62.1-r0
libicuuc62:62.1-r0
libidn2-0:2.0.5-r0
libinput10:1.11.3-r0
libinterfaces-samba4:4.8.4-r0
libiov-buf-samba4:4.8.4-r0
libjansson4:2.11-r0
libjpeg62:2.0.0-r0
libjson-c4:0.13.1-r0
libk5crypto3:1.16.1-r0
libkadm5srv-mit11:1.16.1-r0
libkdb5-9:1.16.1-r0
libkmod2:25+git0+aca4eca103-r0
libkrb5-3:1.16.1-r0
libkrb5samba-samba4:4.8.4-r0
libkrb5support0:1.16.1-r0
libksba8:1.3.5-r0
libldap-2.4-2:2.4.46-r0
libldb-cmdline-samba4:4.8.4-r0
libldbsamba-samba4:4.8.4-r0
libleveldb1:1.20+git0+a53934a3ae-r0
liblibcli-lsa3-samba4:4.8.4-r0
liblibcli-netlogon3-samba4:4.8.4-r0
liblibsmb-samba4:4.8.4-r0
liblibwbclient-old-samba4:4.8.4-r0
liblsan0:8.2.0-r0
liblzma5:5.2.4-r0
liblzo2-2:2.10-r0
libmb1:1.12-r0
libmenu5:6.1+20180630-r0
libmenuw5:6.1+20180630-r0
libmessages-dgm-samba4:4.8.4-r0
libmessages-util-samba4:4.8.4-r0
libmessaging-samba4:4.8.4-r0
libmessaging-send-samba4:4.8.4-r0
libmnl0:1.0.4-r0
libmount1:2.32.1-r0
libmozjs:52.9.1-r0
libmpc3:1.1.0-r0
libmpfr6:4.0.1-r0
libmsghdr-samba4:4.8.4-r0
libmsrpc3-samba4:4.8.4-r0
libmysqlclient18:5.5.64-r0
libncurses5:6.1+20180630-r0
libncursesw5:6.1+20180630-r0
libndp:1.7-r0
libndr0:4.8.4-r0
libndr-krb5pac0:4.8.4-r0
libndr-nbt0:4.8.4-r0
libndr-samba4:4.8.4-r0
libndr-samba-samba4:4.8.4-r0
libndr-standard0:4.8.4-r0
libnetapi0:4.8.4-r0
libnetfilter-conntrack3:1.0.6-r0
libnetfilter-cthelper0:1.0.0-r0
libnetfilter-cttimeout1:1.0.0-r0
libnetfilter-queue1:1.0.2+git981025e103d887fb6a9c9bb49c74ec323108d098-r0
libnetif-samba4:4.8.4-r0
libnet-keytab-samba4:4.8.4-r0
libnetsnmp35:5.8-r0
libnetsnmpagent35:5.8-r0
libnewt0.52:0.52.20-r0
libnewt-python:0.52.20-r0
libnfnetlink0:1.0.1-r0
libnl-3-200:3.4.0-r0
libnl-3-cli:3.4.0-r0
libnl-genl-3-200:3.4.0-r0
libnl-idiag-3-200:3.4.0-r0
libnl-nf-3-200:3.4.0-r0
libnl-route-3-200:3.4.0-r0
libnpa-tstream-samba4:4.8.4-r0
libnpth0:1.6-r0
libnsl2:1.2.0+git0+37c5ffe303-r0
libnss-db2:2.28-r0
libnss-mdns:0.10-r7
libogg0:1.3.3-r0
libopus0:1.1.3-r0
libpam:1.3.0-r5
libpam-locale-en-gb:1.3.0-r5
libpam-runtime:1.3.0-r5
libpanel5:6.1+20180630-r0
libpanelw5:6.1+20180630-r0
libpcap1:1.8.1-r0
libpci3:3.6.2-r0
libpciaccess0:0.14-r0
libpcre1:8.42-r0
libpcre2:10.31-r0
libpcrecpp0:8.42-r0
libpcreposix0:8.42-r0
libperl5:5.24.4-r0
libpipeline1:1.5.0-r0
libpixman-1-0:0.34.0-r0
libpng16-16:1.6.36-r0
libpopt0:1.16-r3
libpopt-samba3-samba4:4.8.4-r0
libposix-eadb-samba4:4.8.4-r0
libpq5:10.5-r0
libprinting-migrate-samba4:4.8.4-r0
libprocess-model-samba4:4.8.4-r0
libproxy:0.4.15-r0
libpwquality:1.4.0-r0
libpython2.7-1.0:2.7.15-r1
libpython3.5m1.0:3.5.6-r1
libreadline7:7.0-r0
libregistry-samba4:4.8.4-r0
libreplace-samba4:4.8.4-r0
librepo0:1.8.1-r0
librsvg-2-2:2.40.20-r0
librsvg-2-gtk:2.40.20-r0
libsamba3-util-samba4:4.8.4-r0
libsamba-cluster-support-samba4:4.8.4-r0
libsamba-credentials0:4.8.4-r0
libsamba-debug-samba4:4.8.4-r0
libsamba-errors1:4.8.4-r0
libsamba-hostconfig0:4.8.4-r0
libsamba-modules-samba4:4.8.4-r0
libsamba-net-samba4:4.8.4-r0
libsamba-passdb0:4.8.4-r0
libsamba-policy0:4.8.4-r0
libsamba-python-samba4:4.8.4-r0
libsamba-security-samba4:4.8.4-r0
libsamba-sockets-samba4:4.8.4-r0
libsamba-util0:4.8.4-r0
libsamdb0:4.8.4-r0
libsamdb-common-samba4:4.8.4-r0
libsasl2-3:2.1.27-r0
libsctp1:1.0.18+git0+1b077af62d-r0
libsdl2-2.0-0:2.0.8-r0
libseccomp:2.3.3-r0
libsecrets3-samba4:4.8.4-r0
libsegfault:2.28-r0
libselinux1:2.8-r0
libsemanage1:2.8-r0
libsensors4:3.4.0-r0
libsepol1:2.8-r0
libserver-id-db-samba4:4.8.4-r0
libserver-role-samba4:4.8.4-r0
libservice-samba4:4.8.4-r0
libsm6:1.2.2-r0
libsmartcols1:2.32.1-r0
libsmbclient-raw-samba4:4.8.4-r0
libsmbconf0:4.8.4-r0
libsmbd-base-samba4:4.8.4-r0
libsmbd-conn-samba4:4.8.4-r0
libsmbd-shim-samba4:4.8.4-r0
libsmbldap2:4.8.4-r0
libsmbldaphelper-samba4:4.8.4-r0
libsmbpasswdparser-samba4:4.8.4-r0
libsmb-transport-samba4:4.8.4-r0
libsm-common1:19.05-r0
libsnappy1:1.1.7-r0
libsocket-blocking-samba4:4.8.4-r0
libsodium23:1.0.16-r0
libsolv0:0.6.35-r0
libsolvext0:0.6.35-r0
libspice-server1:0.14.1+git0+eaa07ef15c_6b93b3fce8-r0
libsqlite3-0:3.23.1-r0
libss2:1.44.3-r0
libssh2-1:1.8.0-r0
libssl1.1:1.1.1b-r0
libstartup-notification-1-0:0.12-r2
libstdc++6:8.2.0-r0
libsysfs2:2.1.0-r5
libsys-rw-samba4:4.8.4-r0
libsystemd0:239-r0
libtalloc:2.1.14-r0
libtalloc-report-samba4:4.8.4-r0
libtasn1-6:4.13-r0
libtcl8.6-0:8.6.8-r0
libtdb1:1.3.16-r0
libtdb-wrap-samba4:4.8.4-r0
libteam5:1.27-r0
libtevent0:0.9.37-r0
libtevent-util0:4.8.4-r0
libtic5:6.1+20180630-r0
libticw5:6.1+20180630-r0
libtime-basic-samba4:4.8.4-r0
libtinfo5:6.1+20180630-r0
libtirpc3:1.0.3-r0
libtool:2.4.6-r0
libtrusts-util-samba4:4.8.4-r0
libtsan0:8.2.0-r0
libubsan1:8.2.0-r0
libudev1:239-r0
libulockmgr1:2.9.8-r0
libunistring2:0.9.10-r0
libunwind:1.2.1-r0
liburcu:0.10.1-r0
libusb-1.0-0:1.0.22-r0
libuser:0.62-r0
libuser-locale-en-gb:0.62-r0
libutempter0:1.1.6+alt2+git0+3ef74fff31-r0
libutil-cmdline-samba4:4.8.4-r0
libutil-reg-samba4:4.8.4-r0
libutil-setid-samba4:4.8.4-r0
libutil-tdb-samba4:4.8.4-r0
libuuid1:2.32.1-r0
libvirt:4.7.0-r0
libvirt-libvirtd:4.7.0-r0
libvirt-locale-en-gb:4.7.0-r0
libvirt-ptest:4.7.0-r0
libvirt-python:4.7.0-r0
libvirt-virsh:4.7.0-r0
libvorbis:1.3.6-r0
libvte-2.91-0:0.52.2-r0
libwbclient0:4.8.4-r0
libwinbind-client-samba4:4.8.4-r0
libwrap0:7.6-r1
libx11-6:1.6.6-r0
libx11-xcb1:1.6.6-r0
libxattr-tdb-samba4:4.8.4-r0
libxau6:1.0.8-r0
libxaw7-7:1.0.13-r2
libxcb1:1.13-r0
libxcb-composite0:1.13-r0
libxcb-damage0:1.13-r0
libxcb-dpms0:1.13-r0
libxcb-dri2-0:1.13-r0
libxcb-dri3-0:1.13-r0
libxcb-glx0:1.13-r0
libxcb-present0:1.13-r0
libxcb-randr0:1.13-r0
libxcb-record0:1.13-r0
libxcb-render0:1.13-r0
libxcb-res0:1.13-r0
libxcb-screensaver0:1.13-r0
libxcb-shape0:1.13-r0
libxcb-shm0:1.13-r0
libxcb-sync1:1.13-r0
libxcb-util1:0.4.0-r0
libxcb-xf86dri0:1.13-r0
libxcb-xfixes0:1.13-r0
libxcb-xinerama0:1.13-r0
libxcb-xinput0:1.13-r0
libxcb-xkb1:1.13-r0
libxcb-xselinux0:1.13-r0
libxcb-xtest0:1.13-r0
libxcb-xv0:1.13-r0
libxcb-xvmc0:1.13-r0
libxcomposite1:0.4.4-r0
libxcursor1:1.1.15-r0
libxdamage1:1.1.4-r0
libxdmcp6:1.1.2-r0
libxext6:1.3.3-r0
libxfixes3:5.0.3-r0
libxfont2-2:2.0.3-r0
libxft2:2.3.2-r0
libxi6:1.7.9-r0
libxinerama1:1.1.4-r0
libxkbcommon:0.8.2-r0
libxkbfile1:1.0.9-r0
libxml2:2.9.8-r0
libxml-parser-perl:2.44-r0
libxmu6:1.1.2-r0
libxmuu1:1.1.2-r0
libxpm4:3.5.12-r0
libxrandr2:1.5.1-r0
libxrender1:0.9.10-r0
libxshmfence1:1.3-r0
libxslt:1.1.32-r0
libxt6:1.1.5-r0
libxtst6:1.2.3-r0
libxv1:1.0.11-r0
libxvmc:1.0.10-r0
libxxf86dga1:1.1.4-r0
libxxf86misc1:1.0.4-r0
libxxf86vm1:1.1.4-r0
libyajl2:2.1.0-r0
libyaml-0-2:0.2.1-r0
libz1:1.2.11-r0
lighttpd:1.4.51-r0
lighttpd-config:19.05-r0
lighttpd-module-access:1.4.51-r0
lighttpd-module-accesslog:1.4.51-r0
lighttpd-module-dirlisting:1.4.51-r0
lighttpd-module-indexfile:1.4.51-r0
lighttpd-module-staticfile:1.4.51-r0
linux-firmware:0.0+git0+710963fe53-r0
linux-firmware-adsp-sst:0.0+git0+710963fe53-r0
linux-firmware-adsp-sst-license:0.0+git0+710963fe53-r0
linux-firmware-ar3k:0.0+git0+710963fe53-r0
linux-firmware-ar3k-license:0.0+git0+710963fe53-r0
linux-firmware-ar9170:0.0+git0+710963fe53-r0
linux-firmware-ath10k:0.0+git0+710963fe53-r0
linux-firmware-ath10k-license:0.0+git0+710963fe53-r0
linux-firmware-ath6k:0.0+git0+710963fe53-r0
linux-firmware-ath9k:0.0+git0+710963fe53-r0
linux-firmware-atheros-license:0.0+git0+710963fe53-r0
linux-firmware-bcm-0bb4-0306:0.0+git0+710963fe53-r0
linux-firmware-bcm43143:0.0+git0+710963fe53-r0
linux-firmware-bcm43236b:0.0+git0+710963fe53-r0
linux-firmware-bcm43241b0:0.0+git0+710963fe53-r0
linux-firmware-bcm43241b4:0.0+git0+710963fe53-r0
linux-firmware-bcm43241b5:0.0+git0+710963fe53-r0
linux-firmware-bcm43242a:0.0+git0+710963fe53-r0
linux-firmware-bcm4329:0.0+git0+710963fe53-r0
linux-firmware-bcm4329-fullmac:0.0+git0+710963fe53-r0
linux-firmware-bcm4330:0.0+git0+710963fe53-r0
linux-firmware-bcm43340:0.0+git0+710963fe53-r0
linux-firmware-bcm4334:0.0+git0+710963fe53-r0
linux-firmware-bcm4335:0.0+git0+710963fe53-r0
linux-firmware-bcm43362:0.0+git0+710963fe53-r0
linux-firmware-bcm4339:0.0+git0+710963fe53-r0
linux-firmware-bcm43430:0.0+git0+710963fe53-r0
linux-firmware-bcm43430a0:0.0+git0+710963fe53-r0
linux-firmware-bcm43455:0.0+git0+710963fe53-r0
linux-firmware-bcm4350:0.0+git0+710963fe53-r0
linux-firmware-bcm4350c2:0.0+git0+710963fe53-r0
linux-firmware-bcm4354:0.0+git0+710963fe53-r0
linux-firmware-bcm4356:0.0+git0+710963fe53-r0
linux-firmware-bcm43569:0.0+git0+710963fe53-r0
linux-firmware-bcm4356-pcie:0.0+git0+710963fe53-r0
linux-firmware-bcm43570:0.0+git0+710963fe53-r0
linux-firmware-bcm4358:0.0+git0+710963fe53-r0
linux-firmware-bcm43602:0.0+git0+710963fe53-r0
linux-firmware-bcm4366b:0.0+git0+710963fe53-r0
linux-firmware-bcm4371:0.0+git0+710963fe53-r0
linux-firmware-bcm4373:0.0+git0+710963fe53-r0
linux-firmware-bcm43xx:0.0+git0+710963fe53-r0
linux-firmware-bcm43xx-hdr:0.0+git0+710963fe53-r0
linux-firmware-bnx2-mips:0.0+git0+710963fe53-r0
linux-firmware-broadcom-license:0.0+git0+710963fe53-r0
linux-firmware-carl9170:0.0+git0+710963fe53-r0
linux-firmware-cypress-license:0.0+git0+710963fe53-r0
linux-firmware-gplv2-license:0.0+git0+710963fe53-r0
linux-firmware-i915:0.0+git0+710963fe53-r0
linux-firmware-i915-license:0.0+git0+710963fe53-r0
linux-firmware-ibt:0.0+git0+710963fe53-r0
linux-firmware-ibt-11-5:0.0+git0+710963fe53-r0
linux-firmware-ibt-12-16:0.0+git0+710963fe53-r0
linux-firmware-ibt-17:0.0+git0+710963fe53-r0
linux-firmware-ibt-hw-37-7:0.0+git0+710963fe53-r0
linux-firmware-ibt-hw-37-8:0.0+git0+710963fe53-r0
linux-firmware-ibt-license:0.0+git0+710963fe53-r0
linux-firmware-ibt-misc:0.0+git0+710963fe53-r0
linux-firmware-imx-sdma-imx6q:0.0+git0+710963fe53-r0
linux-firmware-imx-sdma-imx7d:0.0+git0+710963fe53-r0
linux-firmware-imx-sdma-license:0.0+git0+710963fe53-r0
linux-firmware-iwlwifi:0.0+git0+710963fe53-r0
linux-firmware-iwlwifi-135-6:0.0+git0+710963fe53-r0
linux-firmware-iwlwifi-3160-10:0.0+git0+710963fe53-r0
linux-firmware-iwlwifi-3160-12:0.0+git0+710963fe53-r0
linux-firmware-iwlwifi-3160-13:0.0+git0+710963fe53-r0
linux-firmware-iwlwifi-3160-16:0.0+git0+710963fe53-r0
linux-firmware-iwlwifi-3160-17:0.0+git0+710963fe53-r0
linux-firmware-iwlwifi-3160-7:0.0+git0+710963fe53-r0
linux-firmware-iwlwifi-3160-8:0.0+git0+710963fe53-r0
linux-firmware-iwlwifi-3160-9:0.0+git0+710963fe53-r0
linux-firmware-iwlwifi-6000-4:0.0+git0+710963fe53-r0
linux-firmware-iwlwifi-6000g2a-5:0.0+git0+710963fe53-r0
linux-firmware-iwlwifi-6000g2a-6:0.0+git0+710963fe53-r0
linux-firmware-iwlwifi-6000g2b-5:0.0+git0+710963fe53-r0
linux-firmware-iwlwifi-6000g2b-6:0.0+git0+710963fe53-r0
linux-firmware-iwlwifi-6050-4:0.0+git0+710963fe53-r0
linux-firmware-iwlwifi-6050-5:0.0+git0+710963fe53-r0
linux-firmware-iwlwifi-7260:0.0+git0+710963fe53-r0
linux-firmware-iwlwifi-7265:0.0+git0+710963fe53-r0
linux-firmware-iwlwifi-7265d:0.0+git0+710963fe53-r0
linux-firmware-iwlwifi-8000c:0.0+git0+710963fe53-r0
linux-firmware-iwlwifi-8265:0.0+git0+710963fe53-r0
linux-firmware-iwlwifi-9000:0.0+git0+710963fe53-r0
linux-firmware-iwlwifi-license:0.0+git0+710963fe53-r0
linux-firmware-iwlwifi-misc:0.0+git0+710963fe53-r0
linux-firmware-license:0.0+git0+710963fe53-r0
linux-firmware-liquidio:0.0+git0+710963fe53-r0
linux-firmware-marvell-license:0.0+git0+710963fe53-r0
linux-firmware-mt7601u:0.0+git0+710963fe53-r0
linux-firmware-mt7601u-license:0.0+git0+710963fe53-r0
linux-firmware-netronome:0.0+git0+710963fe53-r0
linux-firmware-netronome-license:0.0+git0+710963fe53-r0
linux-firmware-pcie8897:0.0+git0+710963fe53-r0
linux-firmware-pcie8997:0.0+git0+710963fe53-r0
linux-firmware-qat:0.0+git0+710963fe53-r0
linux-firmware-qat-license:0.0+git0+710963fe53-r0
linux-firmware-qca:0.0+git0+710963fe53-r0
linux-firmware-qcom-adreno-a3xx:0.0+git0+710963fe53-r0
linux-firmware-qcom-adreno-a530:0.0+git0+710963fe53-r0
linux-firmware-qcom-license:0.0+git0+710963fe53-r0
linux-firmware-qcom-venus-1.8:0.0+git0+710963fe53-r0
linux-firmware-qcom-venus-4.2:0.0+git0+710963fe53-r0
linux-firmware-radeon:0.0+git0+710963fe53-r0
linux-firmware-radeon-license:0.0+git0+710963fe53-r0
linux-firmware-ralink:0.0+git0+710963fe53-r0
linux-firmware-ralink-license:0.0+git0+710963fe53-r0
linux-firmware-rtl8168:0.0+git0+710963fe53-r0
linux-firmware-rtl8188:0.0+git0+710963fe53-r0
linux-firmware-rtl8192ce:0.0+git0+710963fe53-r0
linux-firmware-rtl8192cu:0.0+git0+710963fe53-r0
linux-firmware-rtl8192su:0.0+git0+710963fe53-r0
linux-firmware-rtl8723:0.0+git0+710963fe53-r0
linux-firmware-rtl8821:0.0+git0+710963fe53-r0
linux-firmware-rtl-license:0.0+git0+710963fe53-r0
linux-firmware-sd8686:0.0+git0+710963fe53-r0
linux-firmware-sd8688:0.0+git0+710963fe53-r0
linux-firmware-sd8787:0.0+git0+710963fe53-r0
linux-firmware-sd8797:0.0+git0+710963fe53-r0
linux-firmware-sd8801:0.0+git0+710963fe53-r0
linux-firmware-sd8887:0.0+git0+710963fe53-r0
linux-firmware-sd8897:0.0+git0+710963fe53-r0
linux-firmware-ti-connectivity-license:0.0+git0+710963fe53-r0
linux-firmware-usb8997:0.0+git0+710963fe53-r0
linux-firmware-vt6656:0.0+git0+710963fe53-r0
linux-firmware-vt6656-license:0.0+git0+710963fe53-r0
linux-firmware-whence-license:0.0+git0+710963fe53-r0
linux-firmware-wl12xx:0.0+git0+710963fe53-r0
linux-firmware-wl18xx:0.0+git0+710963fe53-r0
linux-firmware-wlcommon:0.0+git0+710963fe53-r0
linuxptp:1.8-r0
lldpd:0.9.8-r0
lmsensors-config-fancontrol:1.0-r0
lmsensors-config-libsensors:1.0-r0
lmsensors-config-sensord:1.0-r0
lmsensors-fancontrol:3.4.0-r0
lmsensors-isatools:3.4.0-r0
lmsensors-pwmconfig:3.4.0-r0
lmsensors-sensord:3.4.0-r0
lmsensors-sensors:3.4.0-r0
lmsensors-sensorsconfconvert:3.4.0-r0
lmsensors-sensorsdetect:3.4.0-r0
locale-base-en-gb:2.28-r0
locale-base-en-us:2.28-r0
logrotate:3.14.0-r0
lsof:4.91-r0
lsscsi:0.30-r0
lua:5.3.4-r0
lvm2:2.02.180-r0
lvm2-scripts:2.02.180-r0
lvm2-udevrules:2.02.180-r0
lxdm:0.5.3-r0
lz4:1.8.2-r0
lzop:1.03-r0
m4:1.4.18-r0
mailcap:2.1.48-r0
mailx:12.5+5-r0
make:4.2.1-r0
makedevs:1.0.1-r0
mariadb:5.5.64-r0
mariadb-client:5.5.64-r0
mariadb-server:5.5.64-r0
mariadb-setupdb:5.5.64-r0
matchbox-terminal:0.2-r0
matchbox-wm:1.2.2-r0
mc:4.8.21-r0
mc-fish:4.8.21-r0
mc-helpers:4.8.21-r0
mc-helpers-perl:4.8.21-r0
mc-locale-en-gb:4.8.21-r0
mcstrans:2.8-r0
mdadm:4.0-r0
memcached:1.5.10-r0
memcached-custom:19.05-r0
mesa-megadriver:18.1.9-r0
mini-x-session:0.1-r4
mobile-broadband-provider-info:20170310-r0
mod-wsgi:4.5.13+git0+f22376f514-r0
mokutil:0.3.0+git0+e19adc575c-r0
mozjs:52.9.1-r0
mtce:19.05-r0
mtce-compute:19.05-r0
mtce-control:19.05-r0
mtce-guestagent:19.05-r0
mtce-guestserver:19.05-r0
mtce-hostw:19.05-r0
mtce-hwmon:19.05-r0
mtce-lmon:19.05-r0
mtce-pmon:19.05-r0
mtce-storage:19.05-r0
mtdev:1.1.5-r0
mtools:4.0.18-r0
multipath-tools:0.7.7-r0
multipath-tools-libs:0.7.7-r0
ncurses:6.1+20180630-r0
ncurses-terminfo:6.1+20180630-r0
ncurses-terminfo-base:6.1+20180630-r0
neard:0.16-r0
netbase:5.4-r0
netcat-openbsd:1.190-r0
net-snmp-config:19.05-r0
nettle:3.4-r0
net-tools:1.60+26-r0
neutron:11.0.2+git0+7fd30cb652-r0
neutron-dhcp-agent:11.0.2+git0+7fd30cb652-r0
neutron-l3-agent:11.0.2+git0+7fd30cb652-r0
neutron-linuxbridge-agent:11.0.2+git0+7fd30cb652-r0
neutron-metadata-agent:11.0.2+git0+7fd30cb652-r0
neutron-plugin-ml2:11.0.2+git0+7fd30cb652-r0
neutron-plugin-openvswitch:11.0.2+git0+7fd30cb652-r0
neutron-plugin-openvswitch-setup:11.0.2+git0+7fd30cb652-r0
neutron-server:11.0.2+git0+7fd30cb652-r0
neutron-setup:11.0.2+git0+7fd30cb652-r0
nfs-utils:2.3.1-r0
nfs-utils-client:2.3.1-r0
nfs-utils-mount:2.3.1-r0
nfv-client:19.05-r0
nfv-common:19.05-r0
nfv-plugins:19.05-r0
nfv-tools:19.05-r0
nfv-vim:19.05-r0
nodejs:8.12.0-r0
nova-api:16.0.4+git0+b535f08085-r0
nova-api-proxy:19.05-r0
nova-common:16.0.4+git0+b535f08085-r0
nova-compute:16.0.4+git0+b535f08085-r0
nova-conductor:16.0.4+git0+b535f08085-r0
nova-console:16.0.4+git0+b535f08085-r0
nova-controller:16.0.4+git0+b535f08085-r0
nova-ec2:16.0.4+git0+b535f08085-r0
nova-network:16.0.4+git0+b535f08085-r0
nova-novncproxy:16.0.4+git0+b535f08085-r0
nova-scheduler:16.0.4+git0+b535f08085-r0
nova-setup:16.0.4+git0+b535f08085-r0
nova-spicehtml5proxy:16.0.4+git0+b535f08085-r0
novnc:0.4+git0+8f12ca7a5a-r0
nspr:4.19-r0
nss:3.39-r0
nss-pam-ldapd:0.9.8-r0
ntfs-3g-ntfsprogs:2017.3.23-r0
ntp:4.2.8p13-r0
ntp-config:19.05-r0
ntpdate:4.2.8p13-r0
ntp-tickadj:4.2.8p13-r0
numactl:2.0.12+git0+841253d131-r0
oath:2.6.2-r0
ofono:1.24-r0
openipmi:2.0.25-r0
openipmi-perl:2.0.25-r0
open-isns:0.98-r0
openssh:7.8p1+git-r0
openssh-config:19.05-r0
openssh-keygen:7.8p1+git-r0
openssh-scp:7.8p1+git-r0
openssh-ssh:7.8p1+git-r0
openssh-sshd:7.8p1+git-r0
openssl:1.1.1b-r0
openssl-conf:1.1.1b-r0
openssl-misc:1.1.1b-r0
openstack-ras:1.0-r0
openvswitch:2.10.0+5563e309b80bbea9bff538e71ecfd7e5e538bab9-r0
openvswitch-switch:2.10.0+5563e309b80bbea9bff538e71ecfd7e5e538bab9-r0
os-release:1.0-r0
ovmf-shell-efi:git-r0
p11-kit:0.23.14-r0
packagegroup-base:1.0-r8
packagegroup-base-3g:1.0-r8
packagegroup-base-acpi:1.0-r8
packagegroup-base-alsa:1.0-r8
packagegroup-base-bluetooth:1.0-r8
packagegroup-base-ext2:1.0-r8
packagegroup-base-extended:1.0-r8
packagegroup-base-ipv6:1.0-r8
packagegroup-base-keyboard:1.0-r8
packagegroup-base-nfc:1.0-r8
packagegroup-base-nfs:1.0-r8
packagegroup-base-pci:1.0-r8
packagegroup-base-usbgadget:1.0-r8
packagegroup-base-usbhost:1.0-r8
packagegroup-base-wifi:1.0-r8
packagegroup-base-zeroconf:1.0-r8
packagegroup-cloud-compute:1.0-r0
packagegroup-cloud-controller:1.0-r0
packagegroup-cloud-debug:1.0-r0
packagegroup-cloud-extras:1.0-r0
packagegroup-cloud-network:1.0-r0
packagegroup-core-boot:1.0-r1
packagegroup-core-buildessential:1.0-r0
packagegroup-core-full-cmdline:1.0-r6
packagegroup-core-full-cmdline-extended:1.0-r6
packagegroup-core-full-cmdline-initscripts:1.0-r6
packagegroup-core-full-cmdline-libs:1.0-r6
packagegroup-core-full-cmdline-multiuser:1.0-r6
packagegroup-core-full-cmdline-sys-services:1.0-r6
packagegroup-core-full-cmdline-utils:1.0-r6
packagegroup-core-sdk:1.0-r9
packagegroup-core-ssh-openssh:1.0-r1
packagegroup-core-standalone-sdk-target:1.0-r8
packagegroup-core-tools-debug:1.0-r3
packagegroup-core-x11-base:1.0-r1
packagegroup-core-x11-utils:1.0-r4
packagegroup-core-x11-xserver:1.0-r4
packagegroup-distro-base:1.0-r8
packagegroup-machine-base:1.0-r8
packagegroup-stx-config:1.0-r0
packagegroup-stx-fault:1.0-r0
packagegroup-stx-ha:1.0-r0
packagegroup-stx-integ:1.0-r0
packagegroup-stx-integ-base:1.0-r0
packagegroup-stx-integ-cff:1.0-r0
packagegroup-stx-integ-puppet-modules:1.0-r0
packagegroup-stx-metal:1.0-r0
packagegroup-stx-nfv:1.0-r0
packagegroup-stx-update:1.0-r0
packagegroup-stx-upstream:1.0-r0
pam-plugin-access:1.3.0-r5
pam-plugin-deny:1.3.0-r5
pam-plugin-env:1.3.0-r5
pam-plugin-faildelay:1.3.0-r5
pam-plugin-group:1.3.0-r5
pam-plugin-keyinit:1.3.0-r5
pam-plugin-lastlog:1.3.0-r5
pam-plugin-limits:1.3.0-r5
pam-plugin-loginuid:1.3.0-r5
pam-plugin-mail:1.3.0-r5
pam-plugin-motd:1.3.0-r5
pam-plugin-nologin:1.3.0-r5
pam-plugin-permit:1.3.0-r5
pam-plugin-rootok:1.3.0-r5
pam-plugin-securetty:1.3.0-r5
pam-plugin-selinux:1.3.0-r5
pam-plugin-shells:1.3.0-r5
pam-plugin-unix:1.3.0-r5
pam-plugin-warn:1.3.0-r5
pango:1.42.4-r0
parted:3.2-r1
patch:2.7.6-r0
patch-alarm:19.05-r0
pciutils:3.6.2-r0
pciutils-ids:3.6.2-r0
perf:4.18.33-r9
perl:5.24.4-r0
perl-module-anydbm-file:5.24.4-r0
perl-module-app-cpan:5.24.4-r0
perl-module-app-prove:5.24.4-r0
perl-module-app-prove-state:5.24.4-r0
perl-module-app-prove-state-result:5.24.4-r0
perl-module-app-prove-state-result-test:5.24.4-r0
perl-module-archive-tar:5.24.4-r0
perl-module-archive-tar-constant:5.24.4-r0
perl-module-archive-tar-file:5.24.4-r0
perl-module-arybase:5.24.4-r0
perl-module-attribute-handlers:5.24.4-r0
perl-module-attributes:5.24.4-r0
perl-module-autodie:5.24.4-r0
perl-module-autodie-exception:5.24.4-r0
perl-module-autodie-exception-system:5.24.4-r0
perl-module-autodie-hints:5.24.4-r0
perl-module-autodie-scope-guard:5.24.4-r0
perl-module-autodie-scope-guardstack:5.24.4-r0
perl-module-autodie-skip:5.24.4-r0
perl-module-autodie-util:5.24.4-r0
perl-module-autoloader:5.24.4-r0
perl-module-autosplit:5.24.4-r0
perl-module-autouse:5.24.4-r0
perl-module-b:5.24.4-r0
perl-module-base:5.24.4-r0
perl-module-b-concise:5.24.4-r0
perl-module-b-debug:5.24.4-r0
perl-module-b-deparse:5.24.4-r0
perl-module-benchmark:5.24.4-r0
perl-module-bigint:5.24.4-r0
perl-module-bignum:5.24.4-r0
perl-module-bigrat:5.24.4-r0
perl-module-blib:5.24.4-r0
perl-module-b-op-private:5.24.4-r0
perl-module-b-showlex:5.24.4-r0
perl-module-b-terse:5.24.4-r0
perl-module-b-xref:5.24.4-r0
perl-module-bytes:5.24.4-r0
perl-module-bytes-heavy:5.24.4-r0
perl-module-carp:5.24.4-r0
perl-module-carp-heavy:5.24.4-r0
perl-module--charnames:5.24.4-r0
perl-module-charnames:5.24.4-r0
perl-module-class-struct:5.24.4-r0
perl-module-compress-raw-bzip2:5.24.4-r0
perl-module-compress-raw-zlib:5.24.4-r0
perl-module-compress-zlib:5.24.4-r0
perl-module-config-extensions:5.24.4-r0
perl-module-config-perl-v:5.24.4-r0
perl-module-constant:5.24.4-r0
perl-module-corelist:5.24.4-r0
perl-module-cpan:5.24.4-r0
perl-module-cwd:5.24.4-r0
perl-module-data-dumper:5.24.4-r0
perl-module-db:5.24.4-r0
perl-module-dbm-filter:5.24.4-r0
perl-module-dbm-filter-compress:5.24.4-r0
perl-module-dbm-filter-encode:5.24.4-r0
perl-module-dbm-filter-int32:5.24.4-r0
perl-module-dbm-filter-null:5.24.4-r0
perl-module-dbm-filter-utf8:5.24.4-r0
perl-module-deprecate:5.24.4-r0
perl-module-diagnostics:5.24.4-r0
perl-module-digest:5.24.4-r0
perl-module-digest-base:5.24.4-r0
perl-module-digest-file:5.24.4-r0
perl-module-digest-md5:5.24.4-r0
perl-module-digest-sha:5.24.4-r0
perl-module-dirhandle:5.24.4-r0
perl-module-dumpvalue:5.24.4-r0
perl-module-dumpvar:5.24.4-r0
perl-module-dynaloader:5.24.4-r0
perl-module-encode:5.24.4-r0
perl-module-encode-alias:5.24.4-r0
perl-module-encode-byte:5.24.4-r0
perl-module-encode-changes:5.24.4-r0
perl-module-encode-cjkconstants:5.24.4-r0
perl-module-encode-cn:5.24.4-r0
perl-module-encode-cn-hz:5.24.4-r0
perl-module-encode-config:5.24.4-r0
perl-module-encode-configlocal-pm:5.24.4-r0
perl-module-encode-ebcdic:5.24.4-r0
perl-module-encode-encoder:5.24.4-r0
perl-module-encode-encoding:5.24.4-r0
perl-module-encode-gsm0338:5.24.4-r0
perl-module-encode-guess:5.24.4-r0
perl-module-encode-jp:5.24.4-r0
perl-module-encode-jp-h2z:5.24.4-r0
perl-module-encode-jp-jis7:5.24.4-r0
perl-module-encode-kr-2022-kr:5.24.4-r0
perl-module-encode-kr:5.24.4-r0
perl-module-encode-makefile-pl:5.24.4-r0
perl-module-encode-mime-header:5.24.4-r0
perl-module-encode-mime-header-iso-2022-jp:5.24.4-r0
perl-module-encode-mime-name:5.24.4-r0
perl-module-encode--pm:5.24.4-r0
perl-module-encode-readme:5.24.4-r0
perl-module-encode-symbol:5.24.4-r0
perl-module-encode--t:5.24.4-r0
perl-module-encode-tw:5.24.4-r0
perl-module-encode-unicode:5.24.4-r0
perl-module-encode-unicode-utf7:5.24.4-r0
perl-module-encoding:5.24.4-r0
perl-module-encoding-warnings:5.24.4-r0
perl-module-english:5.24.4-r0
perl-module-env:5.24.4-r0
perl-module-errno:5.24.4-r0
perl-module-experimental:5.24.4-r0
perl-module-exporter:5.24.4-r0
perl-module-exporter-heavy:5.24.4-r0
perl-module-extutils-cbuilder:5.24.4-r0
perl-module-extutils-cbuilder-base:5.24.4-r0
perl-module-extutils-cbuilder-platform-aix:5.24.4-r0
perl-module-extutils-cbuilder-platform-android:5.24.4-r0
perl-module-extutils-cbuilder-platform-cygwin:5.24.4-r0
perl-module-extutils-cbuilder-platform-darwin:5.24.4-r0
perl-module-extutils-cbuilder-platform-dec-osf:5.24.4-r0
perl-module-extutils-cbuilder-platform-os2:5.24.4-r0
perl-module-extutils-cbuilder-platform-unix:5.24.4-r0
perl-module-extutils-cbuilder-platform-vms:5.24.4-r0
perl-module-extutils-cbuilder-platform-windows:5.24.4-r0
perl-module-extutils-cbuilder-platform-windows-bcc:5.24.4-r0
perl-module-extutils-cbuilder-platform-windows-gcc:5.24.4-r0
perl-module-extutils-cbuilder-platform-windows-msvc:5.24.4-r0
perl-module-extutils-command:5.24.4-r0
perl-module-extutils-command-mm:5.24.4-r0
perl-module-extutils-constant:5.24.4-r0
perl-module-extutils-constant-base:5.24.4-r0
perl-module-extutils-constant-proxysubs:5.24.4-r0
perl-module-extutils-constant-utils:5.24.4-r0
perl-module-extutils-constant-xs:5.24.4-r0
perl-module-extutils-embed:5.24.4-r0
perl-module-extutils-install:5.24.4-r0
perl-module-extutils-installed:5.24.4-r0
perl-module-extutils-liblist:5.24.4-r0
perl-module-extutils-liblist-kid:5.24.4-r0
perl-module-extutils-makemaker:5.24.4-r0
perl-module-extutils-makemaker-config:5.24.4-r0
perl-module-extutils-makemaker-locale:5.24.4-r0
perl-module-extutils-makemaker-version:5.24.4-r0
perl-module-extutils-manifest:5.24.4-r0
perl-module-extutils-miniperl:5.24.4-r0
perl-module-extutils-mkbootstrap:5.24.4-r0
perl-module-extutils-mksymlists:5.24.4-r0
perl-module-extutils-mm:5.24.4-r0
perl-module-extutils-mm-aix:5.24.4-r0
perl-module-extutils-mm-any:5.24.4-r0
perl-module-extutils-mm-beos:5.24.4-r0
perl-module-extutils-mm-cygwin:5.24.4-r0
perl-module-extutils-mm-darwin:5.24.4-r0
perl-module-extutils-mm-dos:5.24.4-r0
perl-module-extutils-mm-macos:5.24.4-r0
perl-module-extutils-mm-nw5:5.24.4-r0
perl-module-extutils-mm-os2:5.24.4-r0
perl-module-extutils-mm-qnx:5.24.4-r0
perl-module-extutils-mm-unix:5.24.4-r0
perl-module-extutils-mm-uwin:5.24.4-r0
perl-module-extutils-mm-vms:5.24.4-r0
perl-module-extutils-mm-vos:5.24.4-r0
perl-module-extutils-mm-win32:5.24.4-r0
perl-module-extutils-mm-win95:5.24.4-r0
perl-module-extutils-my:5.24.4-r0
perl-module-extutils-packlist:5.24.4-r0
perl-module-extutils-parsexs:5.24.4-r0
perl-module-extutils-parsexs-constants:5.24.4-r0
perl-module-extutils-parsexs-countlines:5.24.4-r0
perl-module-extutils-parsexs-eval:5.24.4-r0
perl-module-extutils-parsexs-utilities:5.24.4-r0
perl-module-extutils-testlib:5.24.4-r0
perl-module-extutils-typemaps:5.24.4-r0
perl-module-extutils-typemaps-cmd:5.24.4-r0
perl-module-extutils-typemaps-inputmap:5.24.4-r0
perl-module-extutils-typemaps-outputmap:5.24.4-r0
perl-module-extutils-typemaps-type:5.24.4-r0
perl-module-fatal:5.24.4-r0
perl-module-fcntl:5.24.4-r0
perl-module-feature:5.24.4-r0
perl-module-fields:5.24.4-r0
perl-module-file-basename:5.24.4-r0
perl-module-filecache:5.24.4-r0
perl-module-file-compare:5.24.4-r0
perl-module-file-copy:5.24.4-r0
perl-module-file-dosglob:5.24.4-r0
perl-module-file-fetch:5.24.4-r0
perl-module-file-find:5.24.4-r0
perl-module-file-glob:5.24.4-r0
perl-module-file-globmapper:5.24.4-r0
perl-module-filehandle:5.24.4-r0
perl-module-file-path:5.24.4-r0
perl-module-file-spec:5.24.4-r0
perl-module-file-spec-amigaos:5.24.4-r0
perl-module-file-spec-cygwin:5.24.4-r0
perl-module-file-spec-epoc:5.24.4-r0
perl-module-file-spec-functions:5.24.4-r0
perl-module-file-spec-mac:5.24.4-r0
perl-module-file-spec-os2:5.24.4-r0
perl-module-file-spec-unix:5.24.4-r0
perl-module-file-spec-vms:5.24.4-r0
perl-module-file-spec-win32:5.24.4-r0
perl-module-file-stat:5.24.4-r0
perl-module-file-temp:5.24.4-r0
perl-module-filetest:5.24.4-r0
perl-module-filter-simple:5.24.4-r0
perl-module-filter-util-call:5.24.4-r0
perl-module-findbin:5.24.4-r0
perl-module-getopt-long:5.24.4-r0
perl-module-getopt-std:5.24.4-r0
perl-module-hash-util:5.24.4-r0
perl-module-hash-util-fieldhash:5.24.4-r0
perl-module-http-tiny:5.24.4-r0
perl-module-i18n-collate:5.24.4-r0
perl-module-i18n-langinfo:5.24.4-r0
perl-module-i18n-langtags:5.24.4-r0
perl-module-i18n-langtags-detect:5.24.4-r0
perl-module-i18n-langtags-list:5.24.4-r0
perl-module-if:5.24.4-r0
perl-module-integer:5.24.4-r0
perl-module-io:5.24.4-r0
perl-module-io-compress-adapter-bzip2:5.24.4-r0
perl-module-io-compress-adapter-deflate:5.24.4-r0
perl-module-io-compress-adapter-identity:5.24.4-r0
perl-module-io-compress-base:5.24.4-r0
perl-module-io-compress-base-common:5.24.4-r0
perl-module-io-compress-bzip2:5.24.4-r0
perl-module-io-compress-deflate:5.24.4-r0
perl-module-io-compress-gzip:5.24.4-r0
perl-module-io-compress-gzip-constants:5.24.4-r0
perl-module-io-compress-rawdeflate:5.24.4-r0
perl-module-io-compress-zip:5.24.4-r0
perl-module-io-compress-zip-constants:5.24.4-r0
perl-module-io-compress-zlib-constants:5.24.4-r0
perl-module-io-compress-zlib-extra:5.24.4-r0
perl-module-io-dir:5.24.4-r0
perl-module-io-file:5.24.4-r0
perl-module-io-handle:5.24.4-r0
perl-module-io-pipe:5.24.4-r0
perl-module-io-poll:5.24.4-r0
perl-module-io-seekable:5.24.4-r0
perl-module-io-select:5.24.4-r0
perl-module-io-socket:5.24.4-r0
perl-module-io-socket-inet:5.24.4-r0
perl-module-io-socket-ip:5.24.4-r0
perl-module-io-socket-unix:5.24.4-r0
perl-module-io-uncompress-adapter-bunzip2:5.24.4-r0
perl-module-io-uncompress-adapter-identity:5.24.4-r0
perl-module-io-uncompress-adapter-inflate:5.24.4-r0
perl-module-io-uncompress-anyinflate:5.24.4-r0
perl-module-io-uncompress-anyuncompress:5.24.4-r0
perl-module-io-uncompress-base:5.24.4-r0
perl-module-io-uncompress-bunzip2:5.24.4-r0
perl-module-io-uncompress-gunzip:5.24.4-r0
perl-module-io-uncompress-inflate:5.24.4-r0
perl-module-io-uncompress-rawinflate:5.24.4-r0
perl-module-io-uncompress-unzip:5.24.4-r0
perl-module-io-zlib:5.24.4-r0
perl-module-ipc-cmd:5.24.4-r0
perl-module-ipc-msg:5.24.4-r0
perl-module-ipc-open2:5.24.4-r0
perl-module-ipc-open3:5.24.4-r0
perl-module-ipc-semaphore:5.24.4-r0
perl-module-ipc-sharedmem:5.24.4-r0
perl-module-ipc-sysv:5.24.4-r0
perl-module-json-pp:5.24.4-r0
perl-module-json-pp-boolean:5.24.4-r0
perl-module-less:5.24.4-r0
perl-module-lib:5.24.4-r0
perl-module-list-util:5.24.4-r0
perl-module-list-util-xs:5.24.4-r0
perl-module-load:5.24.4-r0
perl-module-loaded:5.24.4-r0
perl-module-locale:5.24.4-r0
perl-module-locale-codes:5.24.4-r0
perl-module-locale-codes-constants:5.24.4-r0
perl-module-locale-codes-country:5.24.4-r0
perl-module-locale-codes-country-codes:5.24.4-r0
perl-module-locale-codes-country-retired:5.24.4-r0
perl-module-locale-codes-currency:5.24.4-r0
perl-module-locale-codes-currency-codes:5.24.4-r0
perl-module-locale-codes-currency-retired:5.24.4-r0
perl-module-locale-codes-langext:5.24.4-r0
perl-module-locale-codes-langext-codes:5.24.4-r0
perl-module-locale-codes-langext-retired:5.24.4-r0
perl-module-locale-codes-langfam:5.24.4-r0
perl-module-locale-codes-langfam-codes:5.24.4-r0
perl-module-locale-codes-langfam-retired:5.24.4-r0
perl-module-locale-codes-language:5.24.4-r0
perl-module-locale-codes-language-codes:5.24.4-r0
perl-module-locale-codes-language-retired:5.24.4-r0
perl-module-locale-codes-langvar:5.24.4-r0
perl-module-locale-codes-langvar-codes:5.24.4-r0
perl-module-locale-codes-langvar-retired:5.24.4-r0
perl-module-locale-codes-script:5.24.4-r0
perl-module-locale-codes-script-codes:5.24.4-r0
perl-module-locale-codes-script-retired:5.24.4-r0
perl-module-locale-country:5.24.4-r0
perl-module-locale-currency:5.24.4-r0
perl-module-locale-language:5.24.4-r0
perl-module-locale-maketext:5.24.4-r0
perl-module-locale-maketext-guts:5.24.4-r0
perl-module-locale-maketext-gutsloader:5.24.4-r0
perl-module-locale-maketext-simple:5.24.4-r0
perl-module-locale-script:5.24.4-r0
perl-module-math-bigfloat:5.24.4-r0
perl-module-math-bigfloat-trace:5.24.4-r0
perl-module-math-bigint:5.24.4-r0
perl-module-math-bigint-calc:5.24.4-r0
perl-module-math-bigint-calcemu:5.24.4-r0
perl-module-math-bigint-fastcalc:5.24.4-r0
perl-module-math-bigint-trace:5.24.4-r0
perl-module-math-bigrat:5.24.4-r0
perl-module-math-complex:5.24.4-r0
perl-module-math-trig:5.24.4-r0
perl-module-memoize:5.24.4-r0
perl-module-memoize-anydbm-file:5.24.4-r0
perl-module-memoize-expire:5.24.4-r0
perl-module-memoize-expirefile:5.24.4-r0
perl-module-memoize-expiretest:5.24.4-r0
perl-module-memoize-ndbm-file:5.24.4-r0
perl-module-memoize-sdbm-file:5.24.4-r0
perl-module-memoize-storable:5.24.4-r0
perl-module-metadata:5.24.4-r0
perl-module-meta-notation:5.24.4-r0
perl-module-mime-base64:5.24.4-r0
perl-module-mime-quotedprint:5.24.4-r0
perl-module-mro:5.24.4-r0
perl-module-ndbm-file:5.24.4-r0
perl-module-net-cmd:5.24.4-r0
perl-module-net-config:5.24.4-r0
perl-module-net-domain:5.24.4-r0
perl-module-net-ftp:5.24.4-r0
perl-module-net-ftp-a:5.24.4-r0
perl-module-net-ftp-dataconn:5.24.4-r0
perl-module-net-ftp-e:5.24.4-r0
perl-module-net-ftp-i:5.24.4-r0
perl-module-net-ftp-l:5.24.4-r0
perl-module-net-hostent:5.24.4-r0
perl-module-net-netent:5.24.4-r0
perl-module-net-netrc:5.24.4-r0
perl-module-net-nntp:5.24.4-r0
perl-module-net-ping:5.24.4-r0
perl-module-net-pop3:5.24.4-r0
perl-module-net-protoent:5.24.4-r0
perl-module-net-servent:5.24.4-r0
perl-module-net-smtp:5.24.4-r0
perl-module-net-time:5.24.4-r0
perl-module-next:5.24.4-r0
perl-module-o:5.24.4-r0
perl-module-odbm-file:5.24.4-r0
perl-module-ok:5.24.4-r0
perl-module-opcode:5.24.4-r0
perl-module-open:5.24.4-r0
perl-module-ops:5.24.4-r0
perl-module-overload:5.24.4-r0
perl-module-overloading:5.24.4-r0
perl-module-overload-numbers:5.24.4-r0
perl-module-params-check:5.24.4-r0
perl-module-parent:5.24.4-r0
perl-module-parse-cpan-meta:5.24.4-r0
perl-module-perl5db:5.24.4-r0
perl-module-perlfaq:5.24.4-r0
perl-module-perlio:5.24.4-r0
perl-module-perlio-encoding:5.24.4-r0
perl-module-perlio-mmap:5.24.4-r0
perl-module-perlio-scalar:5.24.4-r0
perl-module-perlio-via:5.24.4-r0
perl-module-perlio-via-quotedprint:5.24.4-r0
perl-module-perl-ostype:5.24.4-r0
perl-module-pod-checker:5.24.4-r0
perl-module-pod-escapes:5.24.4-r0
perl-module-pod-find:5.24.4-r0
perl-module-pod-functions:5.24.4-r0
perl-module-pod-html:5.24.4-r0
perl-module-pod-inputobjects:5.24.4-r0
perl-module-pod-man:5.24.4-r0
perl-module-pod-parselink:5.24.4-r0
perl-module-pod-parser:5.24.4-r0
perl-module-pod-parseutils:5.24.4-r0
perl-module-pod-perldoc:5.24.4-r0
perl-module-pod-perldoc-baseto:5.24.4-r0
perl-module-pod-perldoc-getoptsoo:5.24.4-r0
perl-module-pod-perldoc-toansi:5.24.4-r0
perl-module-pod-perldoc-tochecker:5.24.4-r0
perl-module-pod-perldoc-toman:5.24.4-r0
perl-module-pod-perldoc-tonroff:5.24.4-r0
perl-module-pod-perldoc-topod:5.24.4-r0
perl-module-pod-perldoc-tortf:5.24.4-r0
perl-module-pod-perldoc-toterm:5.24.4-r0
perl-module-pod-perldoc-totext:5.24.4-r0
perl-module-pod-perldoc-totk:5.24.4-r0
perl-module-pod-perldoc-toxml:5.24.4-r0
perl-module-pod-plaintext:5.24.4-r0
perl-module-pod-select:5.24.4-r0
perl-module-pod-simple:5.24.4-r0
perl-module-pod-simple-blackbox:5.24.4-r0
perl-module-pod-simple-checker:5.24.4-r0
perl-module-pod-simple-debug:5.24.4-r0
perl-module-pod-simple-dumpastext:5.24.4-r0
perl-module-pod-simple-dumpasxml:5.24.4-r0
perl-module-pod-simple-html:5.24.4-r0
perl-module-pod-simple-htmlbatch:5.24.4-r0
perl-module-pod-simple-htmllegacy:5.24.4-r0
perl-module-pod-simple-linksection:5.24.4-r0
perl-module-pod-simple-methody:5.24.4-r0
perl-module-pod-simple-progress:5.24.4-r0
perl-module-pod-simple-pullparser:5.24.4-r0
perl-module-pod-simple-pullparserendtoken:5.24.4-r0
perl-module-pod-simple-pullparserstarttoken:5.24.4-r0
perl-module-pod-simple-pullparsertexttoken:5.24.4-r0
perl-module-pod-simple-pullparsertoken:5.24.4-r0
perl-module-pod-simple-rtf:5.24.4-r0
perl-module-pod-simple-search:5.24.4-r0
perl-module-pod-simple-simpletree:5.24.4-r0
perl-module-pod-simple-text:5.24.4-r0
perl-module-pod-simple-textcontent:5.24.4-r0
perl-module-pod-simple-tiedoutfh:5.24.4-r0
perl-module-pod-simple-transcode:5.24.4-r0
perl-module-pod-simple-transcodedumb:5.24.4-r0
perl-module-pod-simple-transcodesmart:5.24.4-r0
perl-module-pod-simple-xhtml:5.24.4-r0
perl-module-pod-simple-xmloutstream:5.24.4-r0
perl-module-pod-text:5.24.4-r0
perl-module-pod-text-color:5.24.4-r0
perl-module-pod-text-overstrike:5.24.4-r0
perl-module-pod-text-termcap:5.24.4-r0
perl-module-pod-usage:5.24.4-r0
perl-module-posix:5.24.4-r0
perl-module-re:5.24.4-r0
perl-modules:5.24.4-r0
perl-module-safe:5.24.4-r0
perl-module-scalar-util:5.24.4-r0
perl-module-sdbm-file:5.24.4-r0
perl-module-search-dict:5.24.4-r0
perl-module-selectsaver:5.24.4-r0
perl-module-selfloader:5.24.4-r0
perl-module-sigtrap:5.24.4-r0
perl-module-socket:5.24.4-r0
perl-module-sort:5.24.4-r0
perl-module-storable:5.24.4-r0
perl-module-subs:5.24.4-r0
perl-module-sub-util:5.24.4-r0
perl-module-symbol:5.24.4-r0
perl-module-sys-hostname:5.24.4-r0
perl-module-sys-syslog:5.24.4-r0
perl-module-tap-base:5.24.4-r0
perl-module-tap-formatter-base:5.24.4-r0
perl-module-tap-formatter-color:5.24.4-r0
perl-module-tap-formatter-console:5.24.4-r0
perl-module-tap-formatter-console-parallelsession:5.24.4-r0
perl-module-tap-formatter-console-session:5.24.4-r0
perl-module-tap-formatter-file:5.24.4-r0
perl-module-tap-formatter-file-session:5.24.4-r0
perl-module-tap-formatter-session:5.24.4-r0
perl-module-tap-harness:5.24.4-r0
perl-module-tap-harness-env:5.24.4-r0
perl-module-tap-object:5.24.4-r0
perl-module-tap-parser:5.24.4-r0
perl-module-tap-parser-aggregator:5.24.4-r0
perl-module-tap-parser-grammar:5.24.4-r0
perl-module-tap-parser-iterator:5.24.4-r0
perl-module-tap-parser-iterator-array:5.24.4-r0
perl-module-tap-parser-iteratorfactory:5.24.4-r0
perl-module-tap-parser-iterator-process:5.24.4-r0
perl-module-tap-parser-iterator-stream:5.24.4-r0
perl-module-tap-parser-multiplexer:5.24.4-r0
perl-module-tap-parser-result:5.24.4-r0
perl-module-tap-parser-result-bailout:5.24.4-r0
perl-module-tap-parser-result-comment:5.24.4-r0
perl-module-tap-parser-resultfactory:5.24.4-r0
perl-module-tap-parser-result-plan:5.24.4-r0
perl-module-tap-parser-result-pragma:5.24.4-r0
perl-module-tap-parser-result-test:5.24.4-r0
perl-module-tap-parser-result-unknown:5.24.4-r0
perl-module-tap-parser-result-version:5.24.4-r0
perl-module-tap-parser-result-yaml:5.24.4-r0
perl-module-tap-parser-scheduler:5.24.4-r0
perl-module-tap-parser-scheduler-job:5.24.4-r0
perl-module-tap-parser-scheduler-spinner:5.24.4-r0
perl-module-tap-parser-source:5.24.4-r0
perl-module-tap-parser-sourcehandler:5.24.4-r0
perl-module-tap-parser-sourcehandler-executable:5.24.4-r0
perl-module-tap-parser-sourcehandler-file:5.24.4-r0
perl-module-tap-parser-sourcehandler-handle:5.24.4-r0
perl-module-tap-parser-sourcehandler-perl:5.24.4-r0
perl-module-tap-parser-sourcehandler-rawtap:5.24.4-r0
perl-module-tap-parser-yamlish-reader:5.24.4-r0
perl-module-tap-parser-yamlish-writer:5.24.4-r0
perl-module-term-ansicolor:5.24.4-r0
perl-module-term-cap:5.24.4-r0
perl-module-term-complete:5.24.4-r0
perl-module-term-readline:5.24.4-r0
perl-module-test:5.24.4-r0
perl-module-test-builder:5.24.4-r0
perl-module-test-builder-io-scalar:5.24.4-r0
perl-module-test-builder-module:5.24.4-r0
perl-module-test-builder-tester:5.24.4-r0
perl-module-test-builder-tester-color:5.24.4-r0
perl-module-test-harness:5.24.4-r0
perl-module-test-more:5.24.4-r0
perl-module-test-simple:5.24.4-r0
perl-module-test-tester:5.24.4-r0
perl-module-test-tester-capture:5.24.4-r0
perl-module-test-tester-capturerunner:5.24.4-r0
perl-module-test-tester-delegate:5.24.4-r0
perl-module-test-use-ok:5.24.4-r0
perl-module-text-abbrev:5.24.4-r0
perl-module-text-balanced:5.24.4-r0
perl-module-text-parsewords:5.24.4-r0
perl-module-text-tabs:5.24.4-r0
perl-module-text-wrap:5.24.4-r0
perl-module-thread:5.24.4-r0
perl-module-thread-queue:5.24.4-r0
perl-module-threads:5.24.4-r0
perl-module-thread-semaphore:5.24.4-r0
perl-module-threads-shared:5.24.4-r0
perl-module-tie-array:5.24.4-r0
perl-module-tie-file:5.24.4-r0
perl-module-tie-handle:5.24.4-r0
perl-module-tie-hash:5.24.4-r0
perl-module-tie-hash-namedcapture:5.24.4-r0
perl-module-tie-memoize:5.24.4-r0
perl-module-tie-refhash:5.24.4-r0
perl-module-tie-scalar:5.24.4-r0
perl-module-tie-stdhandle:5.24.4-r0
perl-module-tie-substrhash:5.24.4-r0
perl-module-time-gmtime:5.24.4-r0
perl-module-time-hires:5.24.4-r0
perl-module-time-local:5.24.4-r0
perl-module-time-localtime:5.24.4-r0
perl-module-time-piece:5.24.4-r0
perl-module-time-seconds:5.24.4-r0
perl-module-time-tm:5.24.4-r0
perl-module-unicode-collate:5.24.4-r0
perl-module-unicode-collate-cjk-big5:5.24.4-r0
perl-module-unicode-collate-cjk-gb2312:5.24.4-r0
perl-module-unicode-collate-cjk-jisx0208:5.24.4-r0
perl-module-unicode-collate-cjk-korean:5.24.4-r0
perl-module-unicode-collate-cjk-pinyin:5.24.4-r0
perl-module-unicode-collate-cjk-stroke:5.24.4-r0
perl-module-unicode-collate-cjk-zhuyin:5.24.4-r0
perl-module-unicode-collate-locale:5.24.4-r0
perl-module-unicode-collate-locale-af:5.24.4-r0
perl-module-unicode-collate-locale-ar:5.24.4-r0
perl-module-unicode-collate-locale-as:5.24.4-r0
perl-module-unicode-collate-locale-az:5.24.4-r0
perl-module-unicode-collate-locale-be:5.24.4-r0
perl-module-unicode-collate-locale-bg:5.24.4-r0
perl-module-unicode-collate-locale-bn:5.24.4-r0
perl-module-unicode-collate-locale-ca:5.24.4-r0
perl-module-unicode-collate-locale-cs:5.24.4-r0
perl-module-unicode-collate-locale-cy:5.24.4-r0
perl-module-unicode-collate-locale-da:5.24.4-r0
perl-module-unicode-collate-locale-de-phone:5.24.4-r0
perl-module-unicode-collate-locale-ee:5.24.4-r0
perl-module-unicode-collate-locale-eo:5.24.4-r0
perl-module-unicode-collate-locale-es:5.24.4-r0
perl-module-unicode-collate-locale-es-trad:5.24.4-r0
perl-module-unicode-collate-locale-et:5.24.4-r0
perl-module-unicode-collate-locale-fa:5.24.4-r0
perl-module-unicode-collate-locale-fi:5.24.4-r0
perl-module-unicode-collate-locale-fil:5.24.4-r0
perl-module-unicode-collate-locale-fi-phone:5.24.4-r0
perl-module-unicode-collate-locale-fo:5.24.4-r0
perl-module-unicode-collate-locale-fr:5.24.4-r0
perl-module-unicode-collate-locale-gu:5.24.4-r0
perl-module-unicode-collate-locale-ha:5.24.4-r0
perl-module-unicode-collate-locale-haw:5.24.4-r0
perl-module-unicode-collate-locale-hi:5.24.4-r0
perl-module-unicode-collate-locale-hr:5.24.4-r0
perl-module-unicode-collate-locale-hu:5.24.4-r0
perl-module-unicode-collate-locale-hy:5.24.4-r0
perl-module-unicode-collate-locale-ig:5.24.4-r0
perl-module-unicode-collate-locale-is:5.24.4-r0
perl-module-unicode-collate-locale-ja:5.24.4-r0
perl-module-unicode-collate-locale-kk:5.24.4-r0
perl-module-unicode-collate-locale-kl:5.24.4-r0
perl-module-unicode-collate-locale-kn:5.24.4-r0
perl-module-unicode-collate-locale-ko:5.24.4-r0
perl-module-unicode-collate-locale-kok:5.24.4-r0
perl-module-unicode-collate-locale-ln:5.24.4-r0
perl-module-unicode-collate-locale-lt:5.24.4-r0
perl-module-unicode-collate-locale-lv:5.24.4-r0
perl-module-unicode-collate-locale-mk:5.24.4-r0
perl-module-unicode-collate-locale-ml:5.24.4-r0
perl-module-unicode-collate-locale-mr:5.24.4-r0
perl-module-unicode-collate-locale-mt:5.24.4-r0
perl-module-unicode-collate-locale-nb:5.24.4-r0
perl-module-unicode-collate-locale-nn:5.24.4-r0
perl-module-unicode-collate-locale-nso:5.24.4-r0
perl-module-unicode-collate-locale-om:5.24.4-r0
perl-module-unicode-collate-locale-or:5.24.4-r0
perl-module-unicode-collate-locale-pa:5.24.4-r0
perl-module-unicode-collate-locale-pl:5.24.4-r0
perl-module-unicode-collate-locale-ro:5.24.4-r0
perl-module-unicode-collate-locale-ru:5.24.4-r0
perl-module-unicode-collate-locale-sa:5.24.4-r0
perl-module-unicode-collate-locale-se:5.24.4-r0
perl-module-unicode-collate-locale-si:5.24.4-r0
perl-module-unicode-collate-locale-si-dict:5.24.4-r0
perl-module-unicode-collate-locale-sk:5.24.4-r0
perl-module-unicode-collate-locale-sl:5.24.4-r0
perl-module-unicode-collate-locale-sq:5.24.4-r0
perl-module-unicode-collate-locale-sr:5.24.4-r0
perl-module-unicode-collate-locale-sv:5.24.4-r0
perl-module-unicode-collate-locale-sv-refo:5.24.4-r0
perl-module-unicode-collate-locale-ta:5.24.4-r0
perl-module-unicode-collate-locale-te:5.24.4-r0
perl-module-unicode-collate-locale-th:5.24.4-r0
perl-module-unicode-collate-locale-tn:5.24.4-r0
perl-module-unicode-collate-locale-to:5.24.4-r0
perl-module-unicode-collate-locale-tr:5.24.4-r0
perl-module-unicode-collate-locale-uk:5.24.4-r0
perl-module-unicode-collate-locale-ur:5.24.4-r0
perl-module-unicode-collate-locale-vi:5.24.4-r0
perl-module-unicode-collate-locale-wae:5.24.4-r0
perl-module-unicode-collate-locale-wo:5.24.4-r0
perl-module-unicode-collate-locale-yo:5.24.4-r0
perl-module-unicode-collate-locale-zh:5.24.4-r0
perl-module-unicode-collate-locale-zh-big5:5.24.4-r0
perl-module-unicode-collate-locale-zh-gb:5.24.4-r0
perl-module-unicode-collate-locale-zh-pin:5.24.4-r0
perl-module-unicode-collate-locale-zh-strk:5.24.4-r0
perl-module-unicode-collate-locale-zh-zhu:5.24.4-r0
perl-module-unicode-normalize:5.24.4-r0
perl-module-unicode-ucd:5.24.4-r0
perl-module-unicore:5.24.4-r0
perl-module-universal:5.24.4-r0
perl-module-user-grent:5.24.4-r0
perl-module-user-pwent:5.24.4-r0
perl-module-utf8:5.24.4-r0
perl-module-utf8-heavy:5.24.4-r0
perl-module-version:5.24.4-r0
perl-module-version-regex:5.24.4-r0
perl-module-vmsish:5.24.4-r0
perl-module-xsloader:5.24.4-r0
pinentry:1.1.0-r0
pkgconfig:0.29.2+git0+edf8e6f0ea-r0
pm-qos-mgr:19.05-r0
pm-utils:1.4.1-r1
polkit:0.115-r0
postgresql:10.5-r0
postgresql-client:10.5-r0
postgresql-timezone:10.5-r0
procps:3.3.15-r0
psmisc:23.1-r0
pstree:23.1-r0
ptest-runner:2.2+git0+49956f65bb-r0
pulseaudio:12.2-r0
puppet-manifests:19.05-r0
puppet-modules-wrs:19.05-r0
pytalloc:2.1.14-r0
python-2to3:2.7.15-r1
python3-2to3:3.5.6-r1
python3-asn1crypto:0.24.0-r0
python3-asyncio:3.5.6-r1
python3-attrs:18.1.0-r0
python3-audio:3.5.6-r1
python3-automat:0.7.0-r0
python3-cffi:1.11.5-r0
python3-click:6.7-r0
python3-codecs:3.5.6-r1
python3-compile:3.5.6-r1
python3-compression:3.5.6-r1
python3-constantly:15.1.0-r0
python3-core:3.5.6-r1
python3-crypt:3.5.6-r1
python3-cryptography:2.3-r0
python3-ctypes:3.5.6-r1
python3-curses:3.5.6-r1
python3-datetime:3.5.6-r1
python3-db:3.5.6-r1
python3-debugger:3.5.6-r1
python3-difflib:3.5.6-r1
python3-distutils:3.5.6-r1
python3-doctest:3.5.6-r1
python3-email:3.5.6-r1
python3-fcntl:3.5.6-r1
python3-gpg:1.11.1-r0
python3-html:3.5.6-r1
python3-hyperlink:18.0.0-r0
python3-idle:3.5.6-r1
python3-idna:2.7-r0
python3-image:3.5.6-r1
python3-incremental:17.5.0-r0
python3-iniparse:0.4-r0
python3-io:3.5.6-r1
python3-json:3.5.6-r1
python3-logging:3.5.6-r1
python3-mailbox:3.5.6-r1
python3-math:3.5.6-r1
python3-mime:3.5.6-r1
python3-misc:3.5.6-r1
python3-mmap:3.5.6-r1
python3-modules:3.5.6-r1
python3-multiprocessing:3.5.6-r1
python3-netclient:3.5.6-r1
python3-netserver:3.5.6-r1
python3-numbers:3.5.6-r1
python3-pickle:3.5.6-r1
python3-pkgutil:3.5.6-r1
python3-plistlib:3.5.6-r1
python3-ply:3.11-r0
python3-pprint:3.5.6-r1
python3-profile:3.5.6-r1
python3-pycparser:2.18-r0
python3-pydoc:3.5.6-r1
python3-resource:3.5.6-r1
python3-rpm:4.14.2-r0
python3-runpy:3.5.6-r1
python3-setuptools:40.0.0-r0
python3-shell:3.5.6-r1
python3-six:1.11.0-r0
python3-smtpd:3.5.6-r1
python3-sqlite3:3.5.6-r1
python3-stringold:3.5.6-r1
python3-syslog:3.5.6-r1
python3-terminal:3.5.6-r1
python3-threading:3.5.6-r1
python3-tkinter:3.5.6-r1
python3-twisted:18.4.0-r0
python3-twisted-bin:18.4.0-r0
python3-twisted-conch:18.4.0-r0
python3-twisted-core:18.4.0-r0
python3-twisted-mail:18.4.0-r0
python3-twisted-names:18.4.0-r0
python3-twisted-pair:18.4.0-r0
python3-twisted-protocols:18.4.0-r0
python3-twisted-runner:18.4.0-r0
python3-twisted-web:18.4.0-r0
python3-twisted-words:18.4.0-r0
python3-twisted-zsh:18.4.0-r0
python3-typing:3.5.6-r1
python3-unittest:3.5.6-r1
python3-unixadmin:3.5.6-r1
python3-venv:3.5.6-r1
python3-xml:3.5.6-r1
python3-xmlrpc:3.5.6-r1
python3-zopeinterface:4.5.0-r0
python-alembic:1.0.0-r0
python-amqp:2.3.2-r0
python-amqplib:1.0.2-r1
python-anyjson:0.3.3-r0
python-aodhclient:1.2.0-r0
python-appdirs:1.4.3-r0
python-argparse:2.7.15-r1
python-arrow:0.12.0-r0
python-asn1crypto:0.24.0-r0
python-audio:2.7.15-r1
python-automaton:0.8.0-r0
python-babel:2.6.0-r0
python-backports-functools-lru-cache:1.5-r0
python-barbican:2015.1.0+git0+e6f05febbe-r0
python-barbicanclient:4.5.2+git0+775de93a61-r0
python-bcrypt:3.1.4-r0
python-beautifulsoup4:4.4.1-r0
python-bsddb:2.7.15-r1
python-bson:3.7.1-r0
python-cachetools:1.1.5+git0+42853733d0-r0
python-castellan:0.12.1+git0+124e9296fe-r0
python-ceilometer:5.0.0+git0+026a5d475e-r0
python-ceilometerclient:2.9.0+git0+4ee321feee-r0
python-ceilometerclient-bash-completion:2.9.0+git0+4ee321feee-r0
python-certifi:2018.8.13-r0
python-cffi:1.11.5-r0
python-chardet:3.0.4-r0
python-cinder:11.1.0+git0+4fb3a702ba-r0
python-cinderclient:3.1.0+git0+3640aeab6e-r0
python-cinderclient-bash-completion:3.1.0+git0+3640aeab6e-r0
python-click:6.7-r0
python-cliff:2.9.1-r0
python-cmd2:0.9.2-r0
python-codecs:2.7.15-r1
python-compile:2.7.15-r1
python-compiler:2.7.15-r1
python-compression:2.7.15-r1
python-contextlib2:0.4.0-r0
python-contextlib:2.7.15-r1
python-core:2.7.15-r1
python-coverage:4.0a5-r0
python-croniter:0.3.5-r0
python-crypt:2.7.15-r1
python-cryptography:2.3-r0
python-ctypes:2.7.15-r1
python-curses:2.7.15-r1
python-cursive:0.2.0+git0+ad25a4016c-r0
python-daemon:2.1.2-r0
python-datetime:2.7.15-r1
python-dateutil:2.7.3-r0
python-db:2.7.15-r1
python-debtcollector:1.17.1-r0
python-debugger:2.7.15-r1
python-decorator:4.3.0-r0
python-deprecation:1.0.1-r0
python-designateclient:2.7.0+git0+77a705857f-r0
python-difflib:2.7.15-r1
python-distutils:2.7.15-r1
python-django:1.8.6-r0
python-django-appconf:1.0.1-r0
python-django-babel:0.5.1+git0+88b389381c-r0
python-django-compressor:2.1-r0
python-django-openstack-auth:3.5.0+git0+9e108ed426-r0
python-django-pyscss:2.0.2-r0
python-dnspython:1.15.0-r0
python-docker-registry-core:2.0.3-r0
python-doctest:2.7.15-r1
python-docutils:0.14rc2-r0
python-dogpile.cache:0.6.2-r0
python-editor:1.0.3-r0
python-email:2.7.15-r1
python-enum:0.4.4-r0
python-enum34:1.1.6-r0
python-enum-compat:0.0.2-r0
python-eventlet:0.20.0-r0
python-extras:1.0.0-r0
python-falcon:0.2-r0
python-fasteners:0.13.0+git0+c055890c98-r0
python-fcntl:2.7.15-r1
python-fixtures:3.0.0-r0
python-flask:0.10.1-r0
python-flask-restful:0.3.6-r0
python-fmclient:19.05-r0
python-funcsigs:1.0.2-r0
python-functools32:3.2.3+2-r0
python-futures:3.0.3+git0+6532a7449d-r0
python-futurist:0.21.0-r0
python-gdbm:2.7.15-r1
python-gevent:1.0.1-r0
python-gevent-websocket:0.10.1-r0
python-glance:15.0.0+git0+06af2eb5ab-r0
python-glanceclient:2.8.0+git0+13b25ff1fe-r0
python-glance-store:0.22.0+git0+49c915f498-r0
python-gnocchiclient:7.0.4-r0
python-google-api-python-client:1.6.6-r0
python-greenlet:0.4.5-r0
python-happybase:1.1.0-r0
python-heat:5.0.0+git0+4348b7abab-r0
python-heat-cfntools:1.2.8-r0
python-heatclient:1.16.1+git0+b5f3d34cd0-r0
python-heatclient-bash-completion:1.16.1+git0+b5f3d34cd0-r0
python-horizon:12.0.0+git0+246ff9f812-r0
python-hotshot:2.7.15-r1
python-hp3parclient:3.2.0-r0
python-html:2.7.15-r1
python-httplib2:0.11.3-r0
python-idle:2.7.15-r1
python-idna:2.7-r0
python-image:2.7.15-r1
python-inventoryclient:19.05-r0
python-io:2.7.15-r1
python-ipaddr:2.1.11-r0
python-ipaddress:1.0.22-r0
python-ipy:0.83-r0
python-ironicclient:2.7.0-r0
python-iso8601:0.1.12-r0
python-itsdangerous:0.24-r0
python-jinja2:2.10-r0
python-json:2.7.15-r1
python-jsonext:0.4.2-r0
python-jsonpatch:1.23-r0
python-jsonpath-rw:1.4.0-r0
python-jsonpath-rw-ext:0.1.9+git0+0a2d032f97-r0
python-jsonpointer:2.0-r0
python-jsonschema:2.6.0-r0
python-kafka:0.9.4+git0+4955582be1-r0
python-keyring:5.3-r0
python-keystone:12.0.0+git0+d07677aba5-r0
python-keystoneauth1:3.2.0-r0
python-keystoneclient:3.13.0+git0+7ff05baa1f-r0
python-keystonemiddleware:4.17.0+git0+69aed26934-r0
python-kombu:4.2.0-r0
python-lang:2.7.15-r1
python-ldap:2.4.45-r0
python-lesscpy:0.10.2-r0
python-linecache2:1.0.0-r0
python-lockfile:0.12.2-r0
python-logging:2.7.15-r1
python-logutils:0.3.5-r0
python-lxml:4.2.4-r0
python-magnumclient:1.0.0.0b1+git0+fb1ff6777e-r0
python-mailbox:2.7.15-r1
python-mako:1.0.7-r0
python-manilaclient:1.4.0+git0+0bbd2144f7-r0
python-markupsafe:1.0-r0
python-math:2.7.15-r1
python-memcached:1.57+git0+664bd3e23f-r0
python-microversion-parse:0.1.4+git0+1f6eac7c3d-r0
python-mime:2.7.15-r1
python-mimeparse:0.1.4-r0
python-misc:2.7.15-r1
python-mistralclient:1.1.0+git0+48e2780ee0-r0
python-mmap:2.7.15-r1
python-modules:2.7.15-r1
python-monotonic:1.5-r0
python-mox3:0.26.0-r0
python-msgpack:0.5.6-r0
python-multiprocessing:2.7.15-r1
python-muranoclient:1.1.1-r0
python-ndg-httpsclient:0.5.1-r0
python-netaddr:0.7.19-r0
python-netclient:2.7.15-r1
python-netifaces:0.10.4-r0
python-netserver:2.7.15-r1
python-networkx:1.11-r0
python-neutron:11.0.2+git0+7fd30cb652-r0
python-neutronclient:6.5.0+git0+e145c4ef8a-r0
python-neutronclient-bash-completion:6.5.0+git0+e145c4ef8a-r0
python-neutron-lib:1.9.1+git0+f0d7e470c2-r0
python-nose:1.3.7-r0
python-nova:16.0.4+git0+b535f08085-r0
python-nova-bash-completion:16.0.4+git0+b535f08085-r0
python-novaclient:9.1.1+git0+204eff6dc7-r0
python-novaclient-bash-completion:9.1.1+git0+204eff6dc7-r0
python-novnc:0.5.1+git0+3b8ec46fd2-r0
python-numbers:2.7.15-r1
python-numpy:1.14.5-r0
python-oauth2client:4.1.2-r0
python-oauthlib:2.0.6-r0
python-openstackclient:3.12.0+git0+ff4abb7d19-r0
python-openstacksdk:0.9.19+git0+bd60aa4a21-r0
python-os-brick:1.15.5+git0+4090db7667-r0
python-osc-lib:1.7.0-r0
python-os-client-config:1.28.0-r0
python-oslo.cache:1.14.0+git0+f5b6ddf7d1-r0
python-oslo.concurrency:3.21.1+git0+8adf9b1f0d-r0
python-oslo.config:4.11.1+git0+fb07389748-r0
python-oslo.context:2.17.0+git0+f4b6914db0-r0
python-oslo.db:4.25.0+git0+71607d59ec-r0
python-oslo.i18n:3.17.0+git0+f2729cd36f-r0
python-oslo.log:3.30.0+git0+ad776e84b5-r0
python-oslo.messaging:5.30.1+git0+a07d852b23-r0
python-oslo.middleware:3.30.1+git0+d9ad4bae1e-r0
python-oslo.policy:1.25.1+git0+cb9ab34cd4-r0
python-oslo.privsep:1.22.1+git0+d27bb5371c-r0
python-oslo.reports:1.22.0+git0+a837f40bb0-r0
python-oslo.rootwrap:5.9.0+git0+b7b63e2ecb-r0
python-oslo.serialization:2.20.0+git0+e56d91427c-r0
python-oslo.service:1.25.0-r0
python-oslo.utils:3.28.0+git0+8b3965b9bb-r0
python-oslo.versionedobjects:1.26.0+git0+78cd10662f-r0
python-oslo.vmware:2.23.0+git0+95a30dfa24-r0
python-osprofiler:1.5.0-r0
python-os-traits:0.3.3+git0+3e8b4a77aa-r0
python-os-vif:1.7.0+git0+5184b7fc3b-r0
python-os-win:2.2.0+git0+b507ec4e7c-r0
python-os-xenapi:0.3.1+git0+7dce682e2a-r0
python-ovs:2.7.2-r0
python-ovsdbapp:0.4.1+git0+742754bce3-r0
python-pankoclient:0.5.0-r0
python-paramiko:2.4.1-r0
python-passlib:1.7.1-r0
python-paste:2.0.3-r0
python-pastedeploy:1.5.2-r0
python-pathlib:1.0.1-r0
python-pbr:4.2.0-r0
python-pecan:1.3.2-r0
python-pep8:1.7.1-r0
python-pexpect:3.3-r0
python-pickle:2.7.15-r1
python-pika:0.10.0+git0+b907f91415-r0
python-pika-pool:0.1.3-r0
python-pint:0.8.1-r0
python-pip:18.0-r0
python-pkgutil:2.7.15-r1
python-plistlib:2.7.15-r1
python-ply:3.11-r0
python-positional:1.1.1-r0
python-posix-ipc:1.0.0-r0
python-pprint:2.7.15-r1
python-prettytable:0.7.2-r0
python-profile:2.7.15-r1
python-psutil:5.4.6-r0
python-psycopg2:2.7.5-r0
python-ptyprocess:0.6.0-r0
python-pyasn1:0.4.4-r0
python-pyasn1-modules:0.2.2-r0
python-pycadf:1.1.0+git0+c5dc0d9577-r0
python-pycparser:2.18-r0
python-pycrypto:2.6.1-r0
python-pydoc:2.7.15-r1
python-pygpgme:0.3-r0
python-pyinotify:0.9.6-r0
python-pymongo:3.7.1-r0
python-pyopenssl:18.0.0-r0
python-pyparsing:2.2.0-r0
python-pyparted:3.11.1-r0
python-pyperclip:1.6.2-r0
python-pypowervm:1.1.10-r0
python-pyroute2:0.5.2-r0
python-pysaml2:3.0.2+git0+248c629aa5-r0
python-pyscss:1.3.4-r0
python-pysmi:0.2.2-r0
python-pysnmp:4.3.5-r0
python-pysocks:1.6.8-r0
python-pysqlite:2.8.3-r0
python-pytz:2018.5-r0
python-pyudev:0.21.0-r0
python-pyyaml:3.11-r0
python-pyzmq:17.1.0-r0
python-rcssmin:1.0.6-r0
python-re:2.7.15-r1
python-repoze.lru:0.7-r0
python-repoze.who:2.2-r0
python-requests:2.19.1-r0
python-requestsexceptions:1.3.0-r0
python-resource:2.7.15-r1
python-retrying:1.3.3-r0
python-rfc3986:0.4.1-r0
python-rfc3987:1.3.7-r0
python-rjsmin:1.0.12-r0
python-robotparser:2.7.15-r1
python-routes:2.4.1+git0+2dcef8079c-r0
python-rsa:3.4.2-r0
python-rtslib-fb:2.1.51-r0
python-runpy:2.7.15-r1
python-ryu:4.19+git0+51a1130f6c-r0
python-saharaclient:0.8.0+git0+319ceb6acf-r0
python-scrypt:0.8.6-r0
python-semantic-version:2.4.2-r0
python-setuptools:40.0.0-r0
python-setuptools-git:1.2-r0
python-shell:2.7.15-r1
python-simplegeneric:0.8.1-r0
python-simplejson:3.16.0-r0
python-singledispatch:3.4.0.3-r0
python-six:1.11.0-r0
python-slip-dbus:0.6.1-r0
python-smtpd:2.7.15-r1
python-sphinx:1.7.8-r0
python-sqlalchemy:1.0.16-r0
python-sqlalchemy-migrate:0.11.0-r0
python-sqlite3:2.7.15-r1
python-sqlparse:0.2.4-r0
python-statsd:3.2.1-r0
python-stevedore:1.29.0-r0
python-strict-rfc3339:0.7-r0
python-stringold:2.7.15-r1
python-subprocess:2.7.15-r1
python-suds-jurko:0.6-r0
python-swift:2.2.2+git0+4ca08cc395-r0
python-swiftclient:3.6.0+git0+1cf074f4da-r0
python-syslog:2.7.15-r1
python-taskflow:2.14.1+git0+ed867c4fd1-r0
python-tdb:1.3.16-r0
python-tempita:0.5.3dev-r0
python-tenacity:4.5.0-r0
python-terminal:2.7.15-r1
python-testtools:2.3.0-r0
python-textutils:2.7.15-r1
python-threading:2.7.15-r1
python-thrift:0.11.0-r0
python-tinyrpc:0.6-r0
python-tkinter:2.7.15-r1
python-tooz:1.48.0-r0
python-traceback2:1.4.0-r0
python-trove:4.0.0+git0+1199663529-r0
python-troveclient:1.3.0+git0+7132f5ff78-r0
python-typing:3.6.4-r0
python-ujson:1.35-r0
python-unicodecsv:0.14.1+git0+4563e33ce3-r0
python-unittest:2.7.15-r1
python-unixadmin:2.7.15-r1
python-uritemplate:3.0.0-r0
python-urllib3:1.23-r0
python-vine:1.1.4-r0
python-voluptuous:0.10.5-r0
python-waitress:1.1.0-r0
python-warlock:1.2.0-r0
python-weakrefmethod:1.0.3-r0
python-webob:1.8.2-r0
python-websocket-client:0.44.0-r0
python-websockify:0.8.0-r0
python-webtest:2.0.29-r0
python-werkzeug:0.10.4-r0
python-wrapt:1.10.11-r0
python-wsgiref:0.1.2-r0
python-wsme:0.9.2-r0
python-xattr:0.6.4-r0
python-xml:2.7.15-r1
python-xmlrpc:2.7.15-r1
python-xstatic:1.0.1-r0
python-xstatic-angular:1.5.8.0-r0
python-xstatic-angular-bootstrap:2.2.0.0-r0
python-xstatic-angular-fileupload:12.0.4.0-r0
python-xstatic-angular-gettext:2.3.8.0-r0
python-xstatic-angular-lrdragndrop:1.0.2.2-r0
python-xstatic-angular-schema-form:0.8.13.0-r0
python-xstatic-bootstrap-datepicker:1.3.1.0-r0
python-xstatic-bootstrap-scss:3.3.7.1-r0
python-xstatic-bootswatch:3.3.7.0-r0
python-xstatic-d3:3.5.17.0-r0
python-xstatic-font-awesome:4.7.0.0-r0
python-xstatic-hogan:2.0.0.2-r0
python-xstatic-jasmine:2.4.1.1-r0
python-xstatic-jquery:1.10.2.1-r0
python-xstatic-jquery-migrate:1.2.1.1-r0
python-xstatic-jquery.quicksearch:2.0.3.1-r0
python-xstatic-jquery.tablesorter:2.14.5.1-r0
python-xstatic-jquery-ui:1.11.0.1-r0
python-xstatic-jsencrypt:2.3.1.1-r0
python-xstatic-mdi:1.4.57.0-r0
python-xstatic-objectpath:1.2.1.0-r0
python-xstatic-rickshaw:1.5.0.0-r0
python-xstatic-roboto-fontface:0.5.0.0-r0
python-xstatic-smart-table:1.4.13.2-r0
python-xstatic-spin:1.2.5.2-r0
python-xstatic-term.js:0.0.7.0-r0
python-xstatic-tv4:1.2.7.0-r0
python-yappi:0.98-r0
python-zaqarclient:0.7.0+git0+a1c2de74c5-r0
python-zlib:2.7.15-r1
python-zopeinterface:4.5.0-r0
qemu:3.0.0-r0
quilt:0.65-r0
quota:4.04-r0
rabbitmq-server:3.2.4-r2
rabbitmq-server-config:19.05-r0
radvd:2.17-r0
requests-toolbelt:0.5.1-r0
rgb:1.0.6-r0
rpcbind:0.2.4-r0
rpm:4.14.2-r0
rrdtool:1.7.0-r0
rsync:3.1.3-r0
rsync-config:19.05-r0
ruby:2.5.3-r0
ruby-shadow:2.5.0-r0
run-postinsts:1.0-r1
samba:4.8.4-r0
samba-auth-samba4:4.8.4-r0
samba-auth-script:4.8.4-r0
samba-auth-unix:4.8.4-r0
samba-base:4.8.4-r0
samba-common:4.8.4-r0
samba-dsdb-modules:4.8.4-r0
samba-pdb-ldapsam:4.8.4-r0
samba-pdb-smbpasswd:4.8.4-r0
samba-pdb-tdbsam:4.8.4-r0
samba-python:4.8.4-r0
screen:4.6.2-r0
seabios:1.11.2-r0
sed:4.2.2-r0
setup-config:19.05-r0
setxkbmap:1.3.1-r0
shadow:4.6-r0
shadow-base:4.6-r0
shadow-securetty:4.6-r3
shared-mime-info:1.10-r0
slang:2.3.2-r0
sm:19.05-r0
sm-api:19.05-r0
smartmontools:6.6-r0
sm-client:19.05-r0
sm-common-libs:19.05-r0
sm-db:19.05-r0
sm-eru:19.05-r0
sm-tools:19.05-r0
snmp-audittrail:19.05-r0
snmp-ext:19.05-r0
socat:1.7.3.2-r0
spawn-fcgi:1.6.4-r0
sqlite3:3.23.1-r0
starlingx-dashboard:19.05-r0
storageconfig:19.05-r0
strace:4.24-r0
stx-ocf-scripts:19.05-r0
sudo:1.8.23-r0
swift:2.2.2+git0+4ca08cc395-r0
swift-setup:2.2.2+git0+4ca08cc395-r0
swig:3.0.12-r0
sysfsutils:2.1.0-r5
sysinv:19.05-r0
sysklogd:1.5.1-r0
syslog-ng-config:19.05-r0
sysstat:11.7.4-r0
systemd:239-r0
systemd-boot:239-r0
systemd-bootconf:1.00-r0
systemd-compat-units:1.0-r2
systemd-conf:1.0-r0
systemd-config:19.05-r0
systemd-container:239-r0
systemd-extra-utils:239-r0
systemd-serialgetty:1.0-r5
systemd-vconsole-setup:239-r0
tar:1.30-r0
tcl:8.6.8-r0
tcpdump:4.9.2-r0
tcp-wrappers:7.6-r1
texinfo:6.5-r0
tgt:1.0.73+git0+013223dc88-r0
thermald:1.8-r0
thin-provisioning-tools:0.7.6-r0
time:1.9-r0
traceroute:2.1.0-r0
trousers:0.3.14+git0+4b9a70d578-r0
trove:4.0.0+git0+1199663529-r0
trove-api:4.0.0+git0+1199663529-r0
trove-bin:4.0.0+git0+1199663529-r0
troveclient:1.3.0+git0+7132f5ff78-r0
troveclient-bin:1.3.0+git0+7132f5ff78-r0
trove-conductor:4.0.0+git0+1199663529-r0
trove-setup:4.0.0+git0+1199663529-r0
trove-taskmanager:4.0.0+git0+1199663529-r0
tsconfig:19.05-r0
tzdata:2019a-r0
udev:239-r0
udev-hwdb:239-r0
unzip:6.0-r5
update-alternatives-opkg:0.3.6-r0
update-rc.d:0.8-r0
usbredir:0.7.1+git0+39aa3c69f6-r0
usbutils:010-r0
util-linux:2.32.1-r0
util-linux-agetty:2.32.1-r0
util-linux-blkid:2.32.1-r0
util-linux-cfdisk:2.32.1-r0
util-linux-config:19.05-r0
util-linux-fdisk:2.32.1-r0
util-linux-fsck:2.32.1-r0
util-linux-getopt:2.32.1-r0
util-linux-ionice:2.32.1-r0
util-linux-losetup:2.32.1-r0
util-linux-lsblk:2.32.1-r0
util-linux-mkfs:2.32.1-r0
util-linux-mount:2.32.1-r0
util-linux-mountpoint:2.32.1-r0
util-linux-prlimit:2.32.1-r0
util-linux-readprofile:2.32.1-r0
util-linux-runuser:2.32.1-r0
util-linux-sfdisk:2.32.1-r0
util-linux-su:2.32.1-r0
util-linux-sulogin:2.32.1-r0
util-linux-swaponoff:2.32.1-r0
util-linux-switch-root:2.32.1-r0
util-linux-umount:2.32.1-r0
util-linux-uuidgen:2.32.1-r0
uwsgi:2.0.14+git0+af44211739-r0
vim:8.1.0347-r0
vim-common:8.1.0347-r0
vim-help:8.1.0347-r0
vim-syntax:8.1.0347-r0
vim-tutor:8.1.0347-r0
vim-vimrc:8.1.0347-r0
vmcore-dmesg:2.0.17-r0
volatile-binds:1.0-r0
vte-locale-en-gb:0.52.2-r0
wayland:1.16.0-r0
wget:1.19.5-r0
wget-locale-en-gb:1.19.5-r0
which:2.21-r3
workerconfig-standalone:19.05-r0
workerconfig-subfunction:19.05-r0
worker-utils:19.05-r0
wpa-supplicant:2.6-r0
wpa-supplicant-cli:2.6-r0
wpa-supplicant-passphrase:2.6-r0
xauth:1.0.10-r0
xdpyinfo:1.3.2-r0
xf86-input-libinput:0.28.0-r0
xf86-video-ast:1.1.5-r0
xf86-video-fbdev:0.5.0-r0
xf86-video-intel:2.99.917+git0+e4fe79cf0d-r0
xf86-video-modesetting:1.20.1-r0
xf86-video-vesa:2.4.0-r0
xfsprogs:4.18.0-r0
xfsprogs-fsck:4.18.0-r0
xfsprogs-mkfs:4.18.0-r0
xfsprogs-repair:4.18.0-r0
xhost:1.0.7-r0
xinput:1.6.2-r0
xinput-calibrator:0.7.5+git0+03dadf5510-r6
xkbcomp:1.4.2-r0
xkeyboard-config:2.24-r0
xkeyboard-config-locale-en-gb:2.24-r0
xmodmap:1.0.9-r0
xrandr:1.5.0-r0
xserver-xf86-config:0.1-r3
xserver-xorg:1.20.1-r0
xserver-xorg-extension-glx:1.20.1-r0
xserver-xorg-module-libint10:1.20.1-r0
xset:1.2.4-r0
xterm:330-r0
xz:5.2.4-r0
zeromq:4.2.5-r0
zip:3.0-r2
