python2-ironicclient.noarch
python-perf.x86_64
autogen-libopts.x86_64
centos-logos.noarch
centos-release.x86_64
device-mapper-persistent-data.x86_64
fontpackages-filesystem.noarch
gdisk.x86_64
gssproxy.x86_64
haproxy.x86_64
kpartx.x86_64
libbasicobjects.x86_64
libcollection.x86_64
libcom_err.x86_64
libini_config.x86_64
libpath_utils.x86_64
libref_array.x86_64
libss.x86_64
nmap-ncat.x86_64
ntpdate.x86_64
perl-Carp.noarch
perl-Data-Dumper.x86_64
perl-Exporter.noarch
perl-File-Path.noarch
perl-File-Temp.noarch
perl-Filter.x86_64
perl-PathTools.x86_64
perl-Pod-Perldoc.noarch
perl-Pod-Simple.noarch
perl-Pod-Usage.noarch
perl-Storable.x86_64
perl-Text-ParseWords.noarch
perl-Time-Local.noarch
perl-constant.noarch
perl-parent.noarch
perl-podlators.noarch
perl-threads.x86_64
perl-threads-shared.x86_64
procps-ng.x86_64
python-beaker.noarch
python-cherrypy.noarch
python-inotify.noarch
python-jwcrypto.noarch
python-linux-procfs.noarch
python-urlgrabber.noarch
setup.noarch
vim-minimal.x86_64
yum.noarch
zlib-devel.x86_64
libcephfs2.x86_64
librados2.x86_64
libradosstriper1.x86_64
librbd1.x86_64
librgw2.x86_64
python-cephfs.x86_64
python-rados.x86_64
python-rbd.x86_64
python-rgw.x86_64
erlang-asn1.x86_64
erlang-compiler.x86_64
erlang-crypto.x86_64
erlang-eldap.x86_64
erlang-erts.x86_64
erlang-hipe.x86_64
erlang-inets.x86_64
erlang-kernel.x86_64
erlang-mnesia.x86_64
erlang-os_mon.x86_64
erlang-otp_mibs.x86_64
erlang-public_key.x86_64
erlang-runtime_tools.x86_64
erlang-sasl.x86_64
erlang-sd_notify.x86_64
erlang-snmp.x86_64
erlang-ssl.x86_64
erlang-stdlib.x86_64
erlang-syntax_tools.x86_64
erlang-tools.x86_64
erlang-xmerl.x86_64
libtomcrypt.x86_64
libtommath.x86_64
python-construct.noarch
python-dogpile-cache.noarch
python-dogpile-core.noarch
python-migrate.noarch
python-openstackclient-lang.noarch
python-oslo-cache-lang.noarch
python-oslo-concurrency-lang.noarch
python-oslo-db-lang.noarch
python-oslo-i18n-lang.noarch
python-oslo-log-lang.noarch
python-oslo-middleware-lang.noarch
python-oslo-policy-lang.noarch
python-oslo-utils-lang.noarch
python-oslo-versionedobjects-lang.noarch
python-paste-deploy.noarch
python-pycadf-common.noarch
python-repoze-lru.noarch
python2-munch.noarch
python2-os-service-types.noarch
python2-oslo-cache.noarch
python2-oslo-concurrency.noarch
python2-oslo-config.noarch
python2-oslo-context.noarch
python2-oslo-db.noarch
python2-oslo-i18n.noarch
python2-oslo-log.noarch
python2-oslo-messaging.noarch
python2-oslo-middleware.noarch
python2-oslo-policy.noarch
python2-oslo-rootwrap.noarch
python2-oslo-serialization.noarch
python2-oslo-service.noarch
python2-oslo-utils.noarch
python2-oslo-versionedobjects.noarch
python2-pika_pool.noarch
python2-requests.noarch
container-selinux.noarch
sshpass.x86_64
qemu-img-ev.x86_64
qemu-kvm-common-ev.x86_64
device-mapper.x86_64
libblkid.x86_64
libgomp.x86_64
libmount.x86_64
libsmartcols.x86_64
libuuid.x86_64
nss-pem.x86_64
perl-Pod-Escapes.noarch
ruby-irb.noarch
rubygem-bigdecimal.x86_64
rubygem-io-console.x86_64
rubygem-json.x86_64
rubygem-psych.x86_64
rubygem-rdoc.noarch
rubygems.noarch
shadow-utils.x86_64
tuned.noarch
containerd.io.x86_64
python-aniso8601.noarch
python-django-bash-completion.noarch
python-unittest2.noarch
python2-PyMySQL.noarch
python2-pika.noarch
python2-pyngus.noarch
python2-qpid-proton.x86_64
qpid-proton-c.x86_64
authconfig.x86_64
basesystem.noarch
crontabs.noarch
filesystem.x86_64
fipscheck.x86_64
hardlink.x86_64
libdb.x86_64
libnfsidmap.x86_64
libverto.x86_64
os-prober.x86_64
polkit-pkla-compat.x86_64
pth.x86_64
pyliblzma.x86_64
python-backports.x86_64
python-backports-ssl_match_hostname.noarch
python-configobj.noarch
python-gobject-base.x86_64
python-iniparse.noarch
python-pycurl.x86_64
python-schedutils.x86_64
pyxattr.x86_64
qrencode-libs.x86_64
quota-nls.noarch
rootfiles.noarch
sysvinit-tools.x86_64
ustr.x86_64
yum-metadata-parser.x86_64
