libbasicobjects
libcollection
libcom_err
libini_config
libpath_utils
libref_array
libss
nmap-ncat
procps-ng
python-inotify
python-linux-procfs
setup
libcephfs2
librados2
libradosstriper1
librbd1
librgw2
python-cephfs
python-rados
python-rbd
python-rgw
erlang-os_mon
erlang-otp_mibs
erlang-public_key
erlang-runtime_tools
erlang-sd_notify
erlang-syntax_tools
libtomcrypt
libtommath
python-dogpile-cache
python-dogpile-core
python-migrate
python-openstackclient-lang
python-paste-deploy
python-pycadf-common
python-repoze-lru
python2-munch
python2-os-service-types
python2-oslo-cache
python2-oslo-concurrency
python2-oslo-config
python2-oslo-context
python2-oslo-db
python2-oslo-i18n
python2-oslo-log
python2-oslo-messaging
python2-oslo-middleware
python2-oslo-policy
python2-oslo-rootwrap
python2-oslo-serialization
python2-oslo-service
python2-oslo-utils
python2-oslo-versionedobjects
python2-pika_pool
python2-requests
container-selinux
sshpass
qemu-img-ev
qemu-kvm-common-ev
device-mapper
libblkid
libmount
libsmartcols
libuuid
nss-pem
perl-Pod-Escapes
ruby-irb
rubygem-bigdecimal
rubygem-io-console
rubygem-json
rubygem-psych
rubygem-rdoc
rubygems
shadow-utils
tuned
containerd
python-django-bash-completion
python-unittest2
python2-pika
python2-pyngus
python2-qpid-proton
qpid-proton-c
authconfig
basesystem
crontabs
filesystem
fipscheck
hardlink
libdb
libnfsidmap
libverto
os-prober
polkit-pkla-compat
pth
pyliblzma
python-backports
python-backports-ssl_match_hostname
python-gobject-base
python-schedutils
pyxattr
qrencode-libs
quota-nls
rootfiles
sysvinit-tools
ustr
yum-metadata-parser
